---
source: tests/test_check_insta.rs
expression: "&json_results"
---
[
  {
    "loc": "3:24-40",
    "source": 1,
    "syntax": "file,use",
    "pretty": "file urlmap/chrome2.mjs",
    "sym": "FILE_urlmap/chrome2@2Emjs"
  },
  {
    "loc": "3:24-40",
    "target": 1,
    "kind": "use",
    "pretty": "file urlmap/chrome2.mjs",
    "sym": "FILE_urlmap/chrome2@2Emjs",
    "context": ""
  }
]
