---
source: tests/test_check_insta.rs
expression: "&to_value(sttl).unwrap()"
---
{
  "tables": [
    {
      "jumprefs": {
        "F_<T_outerNS::OuterCat>_mFavoriteCouch": {
          "sym": "F_<T_outerNS::OuterCat>_mFavoriteCouch",
          "pretty": "outerNS::OuterCat::mFavoriteCouch",
          "meta": {
            "structured": 1,
            "pretty": "outerNS::OuterCat::mFavoriteCouch",
            "sym": "F_<T_outerNS::OuterCat>_mFavoriteCouch",
            "type_pretty": null,
            "kind": "field",
            "subsystem": "Core/Big",
            "parentsym": "T_outerNS::OuterCat",
            "implKind": "",
            "sizeBytes": null,
            "ownVFPtrBytes": null,
            "bindingSlots": [],
            "ontologySlots": [],
            "supers": [],
            "methods": [],
            "fields": [],
            "overrides": [],
            "props": [],
            "variants": []
          },
          "jumps": {
            "def": "big_cpp.cpp#245"
          }
        },
        "F_<T_outerNS::OuterCat>_mIsFriendly": {
          "sym": "F_<T_outerNS::OuterCat>_mIsFriendly",
          "pretty": "outerNS::OuterCat::mIsFriendly",
          "meta": {
            "structured": 1,
            "pretty": "outerNS::OuterCat::mIsFriendly",
            "sym": "F_<T_outerNS::OuterCat>_mIsFriendly",
            "type_pretty": null,
            "kind": "field",
            "subsystem": "Core/Big",
            "parentsym": "T_outerNS::OuterCat",
            "implKind": "",
            "sizeBytes": null,
            "ownVFPtrBytes": null,
            "bindingSlots": [],
            "ontologySlots": [],
            "supers": [],
            "methods": [],
            "fields": [],
            "overrides": [],
            "props": [],
            "variants": []
          },
          "jumps": {
            "def": "big_cpp.cpp#241"
          }
        },
        "F_<T_outerNS::OuterCat>_mIsSecretlyUnfriendly": {
          "sym": "F_<T_outerNS::OuterCat>_mIsSecretlyUnfriendly",
          "pretty": "outerNS::OuterCat::mIsSecretlyUnfriendly",
          "meta": {
            "structured": 1,
            "pretty": "outerNS::OuterCat::mIsSecretlyUnfriendly",
            "sym": "F_<T_outerNS::OuterCat>_mIsSecretlyUnfriendly",
            "type_pretty": null,
            "kind": "field",
            "subsystem": "Core/Big",
            "parentsym": "T_outerNS::OuterCat",
            "implKind": "",
            "sizeBytes": null,
            "ownVFPtrBytes": null,
            "bindingSlots": [],
            "ontologySlots": [],
            "supers": [],
            "methods": [],
            "fields": [],
            "overrides": [],
            "props": [],
            "variants": []
          },
          "jumps": {
            "def": "big_cpp.cpp#242"
          }
        },
        "F_<T_outerNS::OuterCat>_mOwner": {
          "sym": "F_<T_outerNS::OuterCat>_mOwner",
          "pretty": "outerNS::OuterCat::mOwner",
          "meta": {
            "structured": 1,
            "pretty": "outerNS::OuterCat::mOwner",
            "sym": "F_<T_outerNS::OuterCat>_mOwner",
            "type_pretty": null,
            "kind": "field",
            "subsystem": "Core/Big",
            "parentsym": "T_outerNS::OuterCat",
            "implKind": "",
            "sizeBytes": null,
            "ownVFPtrBytes": null,
            "bindingSlots": [],
            "ontologySlots": [],
            "supers": [],
            "methods": [],
            "fields": [],
            "overrides": [],
            "props": [],
            "variants": []
          },
          "jumps": {
            "def": "big_cpp.cpp#244"
          }
        },
        "F_<T_outerNS::Thing>_mDefunct": {
          "sym": "F_<T_outerNS::Thing>_mDefunct",
          "pretty": "outerNS::Thing::mDefunct",
          "meta": {
            "structured": 1,
            "pretty": "outerNS::Thing::mDefunct",
            "sym": "F_<T_outerNS::Thing>_mDefunct",
            "type_pretty": null,
            "kind": "field",
            "subsystem": "Core/Big",
            "parentsym": "T_outerNS::Thing",
            "implKind": "",
            "sizeBytes": null,
            "ownVFPtrBytes": null,
            "bindingSlots": [],
            "ontologySlots": [],
            "supers": [],
            "methods": [],
            "fields": [],
            "overrides": [],
            "props": [],
            "variants": []
          },
          "jumps": {
            "def": "big_cpp.cpp#151"
          }
        },
        "F_<T_outerNS::Thing>_mHP": {
          "sym": "F_<T_outerNS::Thing>_mHP",
          "pretty": "outerNS::Thing::mHP",
          "meta": {
            "structured": 1,
            "pretty": "outerNS::Thing::mHP",
            "sym": "F_<T_outerNS::Thing>_mHP",
            "type_pretty": null,
            "kind": "field",
            "subsystem": "Core/Big",
            "parentsym": "T_outerNS::Thing",
            "implKind": "",
            "sizeBytes": null,
            "ownVFPtrBytes": null,
            "bindingSlots": [],
            "ontologySlots": [],
            "supers": [],
            "methods": [],
            "fields": [],
            "overrides": [],
            "props": [],
            "variants": []
          },
          "jumps": {
            "def": "big_cpp.cpp#147"
          }
        },
        "T_outerNS::OuterCat": {
          "sym": "T_outerNS::OuterCat",
          "pretty": "outerNS::OuterCat",
          "meta": {
            "structured": 1,
            "pretty": "outerNS::OuterCat",
            "sym": "T_outerNS::OuterCat",
            "type_pretty": null,
            "kind": "class",
            "subsystem": "Core/Big",
            "implKind": "",
            "sizeBytes": 40,
            "ownVFPtrBytes": null,
            "bindingSlots": [],
            "ontologySlots": [],
            "supers": [
              {
                "sym": "T_outerNS::Thing",
                "offsetBytes": 0,
                "props": []
              }
            ],
            "methods": [
              {
                "pretty": "outerNS::OuterCat::OuterCat",
                "sym": "_ZN7outerNS8OuterCatC1Ebb",
                "props": [
                  "instance",
                  "user"
                ],
                "args": []
              },
              {
                "pretty": "outerNS::OuterCat::isFriendlyCat",
                "sym": "_ZN7outerNS8OuterCat13isFriendlyCatEv",
                "props": [
                  "instance",
                  "user"
                ],
                "args": []
              },
              {
                "pretty": "outerNS::OuterCat::isSecretlyUnfriendly",
                "sym": "_ZN7outerNS8OuterCat20isSecretlyUnfriendlyEv",
                "props": [
                  "instance",
                  "user"
                ],
                "args": []
              },
              {
                "pretty": "outerNS::OuterCat::isFriendlyIfNotCurrentlyVisible",
                "sym": "_ZN7outerNS8OuterCat31isFriendlyIfNotCurrentlyVisibleEv",
                "props": [
                  "instance",
                  "user"
                ],
                "args": []
              },
              {
                "pretty": "outerNS::OuterCat::meet",
                "sym": "_ZN7outerNS8OuterCat4meetERNS_5HumanE",
                "props": [
                  "instance",
                  "user"
                ],
                "args": []
              },
              {
                "pretty": "outerNS::OuterCat::meet",
                "sym": "_ZN7outerNS8OuterCat4meetERNS_5CouchE",
                "props": [
                  "instance",
                  "user"
                ],
                "args": []
              },
              {
                "pretty": "outerNS::OuterCat::shred",
                "sym": "_ZN7outerNS8OuterCat5shredERNS_5ThingE",
                "props": [
                  "instance",
                  "user"
                ],
                "args": []
              },
              {
                "pretty": "outerNS::OuterCat::destroy",
                "sym": "_ZN7outerNS8OuterCat7destroyERNS_5ThingE",
                "props": [
                  "instance",
                  "user"
                ],
                "args": []
              },
              {
                "pretty": "outerNS::OuterCat::OuterCat",
                "sym": "_ZN7outerNS8OuterCatC1ERKS0_",
                "props": [
                  "instance",
                  "defaulted"
                ],
                "args": []
              },
              {
                "pretty": "outerNS::OuterCat::OuterCat",
                "sym": "_ZN7outerNS8OuterCatC1EOS0_",
                "props": [
                  "instance",
                  "defaulted"
                ],
                "args": []
              },
              {
                "pretty": "outerNS::OuterCat::operator=",
                "sym": "_ZN7outerNS8OuterCataSERKS0_",
                "props": [
                  "instance",
                  "defaulted"
                ],
                "args": []
              },
              {
                "pretty": "outerNS::OuterCat::operator=",
                "sym": "_ZN7outerNS8OuterCataSEOS0_",
                "props": [
                  "instance",
                  "defaulted"
                ],
                "args": []
              },
              {
                "pretty": "outerNS::OuterCat::~OuterCat",
                "sym": "_ZN7outerNS8OuterCatD1Ev",
                "props": [
                  "instance",
                  "defaulted"
                ],
                "args": []
              }
            ],
            "fields": [
              {
                "pretty": "outerNS::OuterCat::mIsFriendly",
                "sym": "F_<T_outerNS::OuterCat>_mIsFriendly",
                "type": "_Bool",
                "typesym": "",
                "offsetBytes": 13,
                "bitPositions": null,
                "sizeBytes": 1
              },
              {
                "pretty": "outerNS::OuterCat::mIsSecretlyUnfriendly",
                "sym": "F_<T_outerNS::OuterCat>_mIsSecretlyUnfriendly",
                "type": "_Bool",
                "typesym": "",
                "offsetBytes": 14,
                "bitPositions": null,
                "sizeBytes": 1
              },
              {
                "pretty": "outerNS::OuterCat::mOwner",
                "sym": "F_<T_outerNS::OuterCat>_mOwner",
                "type": "class std::shared_ptr<class outerNS::Human>",
                "typesym": "T_std::shared_ptr",
                "offsetBytes": 16,
                "bitPositions": null,
                "sizeBytes": 16,
                "labels": [
                  "cc-unlink"
                ],
                "pointerInfo": [
                  {
                    "kind": "strong",
                    "sym": "T_outerNS::Human"
                  }
                ]
              },
              {
                "pretty": "outerNS::OuterCat::mFavoriteCouch",
                "sym": "F_<T_outerNS::OuterCat>_mFavoriteCouch",
                "type": "class outerNS::Couch *",
                "typesym": "T_outerNS::Couch",
                "offsetBytes": 32,
                "bitPositions": null,
                "sizeBytes": 8,
                "labels": [
                  "cc-unlink"
                ],
                "pointerInfo": [
                  {
                    "kind": "raw",
                    "sym": "T_outerNS::Couch"
                  }
                ]
              }
            ],
            "overrides": [],
            "props": [],
            "labels": [
              "cc"
            ],
            "variants": []
          },
          "jumps": {
            "def": "big_cpp.cpp#227"
          }
        },
        "T_outerNS::Thing": {
          "sym": "T_outerNS::Thing",
          "pretty": "outerNS::Thing",
          "meta": {
            "structured": 1,
            "pretty": "outerNS::Thing",
            "sym": "T_outerNS::Thing",
            "type_pretty": null,
            "kind": "class",
            "subsystem": "Core/Big",
            "implKind": "",
            "sizeBytes": 16,
            "ownVFPtrBytes": 8,
            "bindingSlots": [],
            "ontologySlots": [],
            "supers": [],
            "methods": [
              {
                "pretty": "outerNS::Thing::Thing",
                "sym": "_ZN7outerNS5ThingC1Ei",
                "props": [
                  "instance",
                  "user"
                ],
                "args": []
              },
              {
                "pretty": "outerNS::Thing::ignore",
                "sym": "_ZN7outerNS5Thing6ignoreEv",
                "props": [
                  "instance",
                  "user"
                ],
                "args": []
              },
              {
                "pretty": "outerNS::Thing::takeDamage",
                "sym": "_ZN7outerNS5Thing10takeDamageEi",
                "props": [
                  "instance",
                  "virtual",
                  "user"
                ],
                "args": []
              },
              {
                "pretty": "outerNS::Thing::operator=",
                "sym": "_ZN7outerNS5ThingaSERKS0_",
                "props": [
                  "instance",
                  "defaulted"
                ],
                "args": []
              },
              {
                "pretty": "outerNS::Thing::operator=",
                "sym": "_ZN7outerNS5ThingaSEOS0_",
                "props": [
                  "instance",
                  "defaulted"
                ],
                "args": []
              },
              {
                "pretty": "outerNS::Thing::~Thing",
                "sym": "_ZN7outerNS5ThingD1Ev",
                "props": [
                  "instance",
                  "defaulted"
                ],
                "args": []
              },
              {
                "pretty": "outerNS::Thing::Thing",
                "sym": "_ZN7outerNS5ThingC1ERKS0_",
                "props": [
                  "instance",
                  "defaulted",
                  "constexpr"
                ],
                "args": []
              },
              {
                "pretty": "outerNS::Thing::Thing",
                "sym": "_ZN7outerNS5ThingC1EOS0_",
                "props": [
                  "instance",
                  "defaulted",
                  "constexpr"
                ],
                "args": []
              }
            ],
            "fields": [
              {
                "pretty": "outerNS::Thing::mHP",
                "sym": "F_<T_outerNS::Thing>_mHP",
                "type": "int",
                "typesym": "",
                "offsetBytes": 8,
                "bitPositions": null,
                "sizeBytes": 4
              },
              {
                "pretty": "outerNS::Thing::mDefunct",
                "sym": "F_<T_outerNS::Thing>_mDefunct",
                "type": "_Bool",
                "typesym": "",
                "offsetBytes": 12,
                "bitPositions": null,
                "sizeBytes": 1
              }
            ],
            "overrides": [],
            "props": [],
            "subclasses": [
              "T_outerNS::Human",
              "T_outerNS::Couch",
              "T_outerNS::OuterCat",
              "T_outerNS::AbstractArt"
            ],
            "variants": []
          },
          "jumps": {
            "def": "big_cpp.cpp#141"
          }
        }
      },
      "columns": [
        {
          "label": [
            {
              "Heading": "Name"
            }
          ],
          "colspan": 1
        },
        {
          "label": [
            {
              "Heading": "Type"
            }
          ],
          "colspan": 1
        },
        {
          "label": [
            {
              "Heading": "All platforms"
            }
          ],
          "colspan": 2
        }
      ],
      "sub_columns": [
        {
          "label": [],
          "colspan": 1
        },
        {
          "label": [],
          "colspan": 1
        },
        {
          "label": [
            {
              "Text": "Offset"
            }
          ],
          "colspan": 1
        },
        {
          "label": [
            {
              "Text": "Size"
            }
          ],
          "colspan": 1
        }
      ],
      "rows": [
        {
          "colVals": [
            {
              "header": false,
              "contents": [
                {
                  "SymbolHeading": {
                    "text": "outerNS::OuterCat",
                    "symbols": "T_outerNS::OuterCat"
                  }
                }
              ],
              "colspan": 5
            }
          ],
          "children": [
            {
              "colVals": [
                {
                  "header": false,
                  "contents": [
                    {
                      "SymbolText": {
                        "text": "mIsFriendly",
                        "symbols": "F_<T_outerNS::OuterCat>_mIsFriendly"
                      }
                    }
                  ],
                  "colspan": 1
                },
                {
                  "header": false,
                  "contents": [
                    {
                      "Text": "_Bool"
                    }
                  ],
                  "colspan": 1
                },
                {
                  "header": false,
                  "contents": [
                    {
                      "Text": "@ 0xd"
                    }
                  ],
                  "colspan": 1
                },
                {
                  "header": false,
                  "contents": [
                    {
                      "Text": "1"
                    }
                  ],
                  "colspan": 1
                }
              ],
              "children": []
            },
            {
              "colVals": [
                {
                  "header": false,
                  "contents": [
                    {
                      "SymbolText": {
                        "text": "mIsSecretlyUnfriendly",
                        "symbols": "F_<T_outerNS::OuterCat>_mIsSecretlyUnfriendly"
                      }
                    }
                  ],
                  "colspan": 1
                },
                {
                  "header": false,
                  "contents": [
                    {
                      "Text": "_Bool"
                    }
                  ],
                  "colspan": 1
                },
                {
                  "header": false,
                  "contents": [
                    {
                      "Text": "@ 0xe"
                    }
                  ],
                  "colspan": 1
                },
                {
                  "header": false,
                  "contents": [
                    {
                      "Text": "1"
                    }
                  ],
                  "colspan": 1
                }
              ],
              "children": []
            },
            {
              "colVals": [
                {
                  "header": false,
                  "contents": [],
                  "colspan": 2
                },
                {
                  "header": false,
                  "contents": [
                    {
                      "ItalicText": "1 byte hole"
                    }
                  ],
                  "colspan": 2
                }
              ],
              "children": []
            },
            {
              "colVals": [
                {
                  "header": false,
                  "contents": [
                    {
                      "SymbolText": {
                        "text": "mOwner",
                        "symbols": "F_<T_outerNS::OuterCat>_mOwner"
                      }
                    }
                  ],
                  "colspan": 1
                },
                {
                  "header": false,
                  "contents": [
                    {
                      "Text": "class std::shared_ptr<class outerNS::Human>"
                    }
                  ],
                  "colspan": 1
                },
                {
                  "header": false,
                  "contents": [
                    {
                      "Text": "@ 0x10"
                    }
                  ],
                  "colspan": 1
                },
                {
                  "header": false,
                  "contents": [
                    {
                      "Text": "16"
                    }
                  ],
                  "colspan": 1
                }
              ],
              "children": []
            },
            {
              "colVals": [
                {
                  "header": false,
                  "contents": [
                    {
                      "SymbolText": {
                        "text": "mFavoriteCouch",
                        "symbols": "F_<T_outerNS::OuterCat>_mFavoriteCouch"
                      }
                    }
                  ],
                  "colspan": 1
                },
                {
                  "header": false,
                  "contents": [
                    {
                      "Text": "class outerNS::Couch *"
                    }
                  ],
                  "colspan": 1
                },
                {
                  "header": false,
                  "contents": [
                    {
                      "Text": "@ 0x20"
                    }
                  ],
                  "colspan": 1
                },
                {
                  "header": false,
                  "contents": [
                    {
                      "Text": "8"
                    }
                  ],
                  "colspan": 1
                }
              ],
              "children": []
            },
            {
              "colVals": [
                {
                  "header": false,
                  "contents": [
                    {
                      "SymbolHeading": {
                        "text": "outerNS::Thing (base class)",
                        "symbols": "T_outerNS::Thing"
                      }
                    }
                  ],
                  "colspan": 5
                }
              ],
              "children": [
                {
                  "colVals": [
                    {
                      "header": false,
                      "contents": [
                        {
                          "Text": "(vtable)"
                        }
                      ],
                      "colspan": 1
                    },
                    {
                      "header": false,
                      "contents": [
                        {
                          "Text": ""
                        }
                      ],
                      "colspan": 1
                    },
                    {
                      "header": false,
                      "contents": [
                        {
                          "Text": "@ 0x0"
                        }
                      ],
                      "colspan": 1
                    },
                    {
                      "header": false,
                      "contents": [
                        {
                          "Text": "8"
                        }
                      ],
                      "colspan": 1
                    }
                  ],
                  "children": []
                },
                {
                  "colVals": [
                    {
                      "header": false,
                      "contents": [
                        {
                          "SymbolText": {
                            "text": "mHP",
                            "symbols": "F_<T_outerNS::Thing>_mHP"
                          }
                        }
                      ],
                      "colspan": 1
                    },
                    {
                      "header": false,
                      "contents": [
                        {
                          "Text": "int"
                        }
                      ],
                      "colspan": 1
                    },
                    {
                      "header": false,
                      "contents": [
                        {
                          "Text": "@ 0x8"
                        }
                      ],
                      "colspan": 1
                    },
                    {
                      "header": false,
                      "contents": [
                        {
                          "Text": "4"
                        }
                      ],
                      "colspan": 1
                    }
                  ],
                  "children": []
                },
                {
                  "colVals": [
                    {
                      "header": false,
                      "contents": [
                        {
                          "SymbolText": {
                            "text": "mDefunct",
                            "symbols": "F_<T_outerNS::Thing>_mDefunct"
                          }
                        }
                      ],
                      "colspan": 1
                    },
                    {
                      "header": false,
                      "contents": [
                        {
                          "Text": "_Bool"
                        }
                      ],
                      "colspan": 1
                    },
                    {
                      "header": false,
                      "contents": [
                        {
                          "Text": "@ 0xc"
                        }
                      ],
                      "colspan": 1
                    },
                    {
                      "header": false,
                      "contents": [
                        {
                          "Text": "1"
                        }
                      ],
                      "colspan": 1
                    }
                  ],
                  "children": []
                }
              ]
            }
          ]
        }
      ]
    }
  ]
}
