---
source: tests/test_check_insta.rs
expression: "&to_value(sttl).unwrap()"
---
{
  "tables": [
    {
      "jumprefs": {
        "F_<T_field_layout::holes::Base>_a": {
          "sym": "F_<T_field_layout::holes::Base>_a",
          "pretty": "field_layout::holes::Base::a",
          "meta": {
            "structured": 1,
            "pretty": "field_layout::holes::Base::a",
            "sym": "F_<T_field_layout::holes::Base>_a",
            "type_pretty": null,
            "kind": "field",
            "subsystem": null,
            "parentsym": "T_field_layout::holes::Base",
            "implKind": "",
            "sizeBytes": null,
            "bindingSlots": [],
            "ontologySlots": [],
            "supers": [],
            "methods": [],
            "fields": [],
            "overrides": [],
            "props": []
          },
          "jumps": {
            "def": "field-layout/holes.cpp#8"
          }
        },
        "F_<T_field_layout::holes::Base>_b": {
          "sym": "F_<T_field_layout::holes::Base>_b",
          "pretty": "field_layout::holes::Base::b",
          "meta": {
            "structured": 1,
            "pretty": "field_layout::holes::Base::b",
            "sym": "F_<T_field_layout::holes::Base>_b",
            "type_pretty": null,
            "kind": "field",
            "subsystem": null,
            "parentsym": "T_field_layout::holes::Base",
            "implKind": "",
            "sizeBytes": null,
            "bindingSlots": [],
            "ontologySlots": [],
            "supers": [],
            "methods": [],
            "fields": [],
            "overrides": [],
            "props": []
          },
          "jumps": {
            "def": "field-layout/holes.cpp#9"
          }
        },
        "F_<T_field_layout::holes::Base>_c": {
          "sym": "F_<T_field_layout::holes::Base>_c",
          "pretty": "field_layout::holes::Base::c",
          "meta": {
            "structured": 1,
            "pretty": "field_layout::holes::Base::c",
            "sym": "F_<T_field_layout::holes::Base>_c",
            "type_pretty": null,
            "kind": "field",
            "subsystem": null,
            "parentsym": "T_field_layout::holes::Base",
            "implKind": "",
            "sizeBytes": null,
            "bindingSlots": [],
            "ontologySlots": [],
            "supers": [],
            "methods": [],
            "fields": [],
            "overrides": [],
            "props": []
          },
          "jumps": {
            "def": "field-layout/holes.cpp#10"
          }
        },
        "F_<T_field_layout::holes::Base>_d": {
          "sym": "F_<T_field_layout::holes::Base>_d",
          "pretty": "field_layout::holes::Base::d",
          "meta": {
            "structured": 1,
            "pretty": "field_layout::holes::Base::d",
            "sym": "F_<T_field_layout::holes::Base>_d",
            "type_pretty": null,
            "kind": "field",
            "subsystem": null,
            "parentsym": "T_field_layout::holes::Base",
            "implKind": "",
            "sizeBytes": null,
            "bindingSlots": [],
            "ontologySlots": [],
            "supers": [],
            "methods": [],
            "fields": [],
            "overrides": [],
            "props": []
          },
          "jumps": {
            "def": "field-layout/holes.cpp#11"
          }
        },
        "F_<T_field_layout::holes::Sub>_x": {
          "sym": "F_<T_field_layout::holes::Sub>_x",
          "pretty": "field_layout::holes::Sub::x",
          "meta": {
            "structured": 1,
            "pretty": "field_layout::holes::Sub::x",
            "sym": "F_<T_field_layout::holes::Sub>_x",
            "type_pretty": null,
            "kind": "field",
            "subsystem": null,
            "parentsym": "T_field_layout::holes::Sub",
            "implKind": "",
            "sizeBytes": null,
            "bindingSlots": [],
            "ontologySlots": [],
            "supers": [],
            "methods": [],
            "fields": [],
            "overrides": [],
            "props": []
          },
          "jumps": {
            "def": "field-layout/holes.cpp#15"
          }
        },
        "F_<T_field_layout::holes::Sub>_y": {
          "sym": "F_<T_field_layout::holes::Sub>_y",
          "pretty": "field_layout::holes::Sub::y",
          "meta": {
            "structured": 1,
            "pretty": "field_layout::holes::Sub::y",
            "sym": "F_<T_field_layout::holes::Sub>_y",
            "type_pretty": null,
            "kind": "field",
            "subsystem": null,
            "parentsym": "T_field_layout::holes::Sub",
            "implKind": "",
            "sizeBytes": null,
            "bindingSlots": [],
            "ontologySlots": [],
            "supers": [],
            "methods": [],
            "fields": [],
            "overrides": [],
            "props": []
          },
          "jumps": {
            "def": "field-layout/holes.cpp#16"
          }
        },
        "T_field_layout::holes::Base": {
          "sym": "T_field_layout::holes::Base",
          "pretty": "field_layout::holes::Base",
          "meta": {
            "structured": 1,
            "pretty": "field_layout::holes::Base",
            "sym": "T_field_layout::holes::Base",
            "type_pretty": null,
            "kind": "struct",
            "subsystem": null,
            "implKind": "",
            "sizeBytes": 12,
            "bindingSlots": [],
            "ontologySlots": [],
            "supers": [],
            "methods": [
              {
                "pretty": "field_layout::holes::Base::Base",
                "sym": "_ZN12field_layout5holes4BaseC1Ev",
                "props": [
                  "instance",
                  "defaulted"
                ],
                "args": []
              },
              {
                "pretty": "field_layout::holes::Base::~Base",
                "sym": "_ZN12field_layout5holes4BaseD1Ev",
                "props": [
                  "instance",
                  "defaulted"
                ],
                "args": []
              },
              {
                "pretty": "field_layout::holes::Base::Base",
                "sym": "_ZN12field_layout5holes4BaseC1ERKS1_",
                "props": [
                  "instance",
                  "defaulted",
                  "constexpr"
                ],
                "args": []
              },
              {
                "pretty": "field_layout::holes::Base::Base",
                "sym": "_ZN12field_layout5holes4BaseC1EOS1_",
                "props": [
                  "instance",
                  "defaulted",
                  "constexpr"
                ],
                "args": []
              }
            ],
            "fields": [
              {
                "pretty": "field_layout::holes::Base::a",
                "sym": "F_<T_field_layout::holes::Base>_a",
                "type": "unsigned char",
                "typesym": "",
                "offsetBytes": 0,
                "bitPositions": null,
                "sizeBytes": 1
              },
              {
                "pretty": "field_layout::holes::Base::b",
                "sym": "F_<T_field_layout::holes::Base>_b",
                "type": "unsigned short",
                "typesym": "",
                "offsetBytes": 2,
                "bitPositions": null,
                "sizeBytes": 2
              },
              {
                "pretty": "field_layout::holes::Base::c",
                "sym": "F_<T_field_layout::holes::Base>_c",
                "type": "unsigned int",
                "typesym": "",
                "offsetBytes": 4,
                "bitPositions": null,
                "sizeBytes": 4
              },
              {
                "pretty": "field_layout::holes::Base::d",
                "sym": "F_<T_field_layout::holes::Base>_d",
                "type": "char",
                "typesym": "",
                "offsetBytes": 8,
                "bitPositions": null,
                "sizeBytes": 1
              }
            ],
            "overrides": [],
            "props": [],
            "subclasses": [
              "T_field_layout::holes::Sub"
            ]
          },
          "jumps": {
            "def": "field-layout/holes.cpp#7"
          }
        },
        "T_field_layout::holes::Sub": {
          "sym": "T_field_layout::holes::Sub",
          "pretty": "field_layout::holes::Sub",
          "meta": {
            "structured": 1,
            "pretty": "field_layout::holes::Sub",
            "sym": "T_field_layout::holes::Sub",
            "type_pretty": null,
            "kind": "struct",
            "subsystem": null,
            "implKind": "",
            "sizeBytes": 20,
            "bindingSlots": [],
            "ontologySlots": [],
            "supers": [
              {
                "sym": "T_field_layout::holes::Base",
                "props": []
              }
            ],
            "methods": [
              {
                "pretty": "field_layout::holes::Sub::Sub",
                "sym": "_ZN12field_layout5holes3SubC1Ev",
                "props": [
                  "instance",
                  "defaulted"
                ],
                "args": []
              },
              {
                "pretty": "field_layout::holes::Sub::Sub",
                "sym": "_ZN12field_layout5holes3SubC1ERKS1_",
                "props": [
                  "instance",
                  "defaulted",
                  "constexpr"
                ],
                "args": []
              },
              {
                "pretty": "field_layout::holes::Sub::Sub",
                "sym": "_ZN12field_layout5holes3SubC1EOS1_",
                "props": [
                  "instance",
                  "defaulted",
                  "constexpr"
                ],
                "args": []
              }
            ],
            "fields": [
              {
                "pretty": "field_layout::holes::Sub::x",
                "sym": "F_<T_field_layout::holes::Sub>_x",
                "type": "unsigned char",
                "typesym": "",
                "offsetBytes": 12,
                "bitPositions": null,
                "sizeBytes": 1
              },
              {
                "pretty": "field_layout::holes::Sub::y",
                "sym": "F_<T_field_layout::holes::Sub>_y",
                "type": "unsigned int",
                "typesym": "",
                "offsetBytes": 16,
                "bitPositions": null,
                "sizeBytes": 4
              }
            ],
            "overrides": [],
            "props": []
          },
          "jumps": {
            "def": "field-layout/holes.cpp#14"
          }
        }
      },
      "columns": [
        {
          "label": [
            {
              "Heading": "Name"
            }
          ],
          "colspan": 1
        },
        {
          "label": [
            {
              "Heading": "Type"
            }
          ],
          "colspan": 1
        },
        {
          "label": [
            {
              "Heading": "All platforms"
            }
          ],
          "colspan": 2
        }
      ],
      "sub_columns": [
        {
          "label": [],
          "colspan": 1
        },
        {
          "label": [],
          "colspan": 1
        },
        {
          "label": [
            {
              "Text": "Offset"
            }
          ],
          "colspan": 1
        },
        {
          "label": [
            {
              "Text": "Size"
            }
          ],
          "colspan": 1
        }
      ],
      "rows": [
        {
          "label": [
            {
              "Heading": "field_layout::holes::Sub"
            }
          ],
          "sym": "T_field_layout::holes::Sub",
          "colVals": [],
          "children": [
            {
              "label": [
                {
                  "Text": "x"
                }
              ],
              "sym": "F_<T_field_layout::holes::Sub>_x",
              "colVals": [
                {
                  "header": false,
                  "contents": [
                    {
                      "Text": "unsigned char"
                    }
                  ],
                  "colspan": 1
                },
                {
                  "header": false,
                  "contents": [
                    {
                      "Text": "12"
                    }
                  ],
                  "colspan": 1
                },
                {
                  "header": false,
                  "contents": [
                    {
                      "Text": "1"
                    }
                  ],
                  "colspan": 1
                }
              ],
              "children": [],
              "colspan": 1
            },
            {
              "label": [],
              "sym": null,
              "colVals": [
                {
                  "header": false,
                  "contents": [],
                  "colspan": 1
                },
                {
                  "header": false,
                  "contents": [
                    {
                      "Text": "3 bytes hole"
                    }
                  ],
                  "colspan": 2
                }
              ],
              "children": [],
              "colspan": 1
            },
            {
              "label": [
                {
                  "Text": "y"
                }
              ],
              "sym": "F_<T_field_layout::holes::Sub>_y",
              "colVals": [
                {
                  "header": false,
                  "contents": [
                    {
                      "Text": "unsigned int"
                    }
                  ],
                  "colspan": 1
                },
                {
                  "header": false,
                  "contents": [
                    {
                      "Text": "16"
                    }
                  ],
                  "colspan": 1
                },
                {
                  "header": false,
                  "contents": [
                    {
                      "Text": "4"
                    }
                  ],
                  "colspan": 1
                }
              ],
              "children": [],
              "colspan": 1
            },
            {
              "label": [
                {
                  "Heading": "field_layout::holes::Base"
                }
              ],
              "sym": "T_field_layout::holes::Base",
              "colVals": [],
              "children": [
                {
                  "label": [
                    {
                      "Text": "a"
                    }
                  ],
                  "sym": "F_<T_field_layout::holes::Base>_a",
                  "colVals": [
                    {
                      "header": false,
                      "contents": [
                        {
                          "Text": "unsigned char"
                        }
                      ],
                      "colspan": 1
                    },
                    {
                      "header": false,
                      "contents": [
                        {
                          "Text": "0"
                        }
                      ],
                      "colspan": 1
                    },
                    {
                      "header": false,
                      "contents": [
                        {
                          "Text": "1"
                        }
                      ],
                      "colspan": 1
                    }
                  ],
                  "children": [],
                  "colspan": 1
                },
                {
                  "label": [],
                  "sym": null,
                  "colVals": [
                    {
                      "header": false,
                      "contents": [],
                      "colspan": 1
                    },
                    {
                      "header": false,
                      "contents": [
                        {
                          "Text": "1 byte hole"
                        }
                      ],
                      "colspan": 2
                    }
                  ],
                  "children": [],
                  "colspan": 1
                },
                {
                  "label": [
                    {
                      "Text": "b"
                    }
                  ],
                  "sym": "F_<T_field_layout::holes::Base>_b",
                  "colVals": [
                    {
                      "header": false,
                      "contents": [
                        {
                          "Text": "unsigned short"
                        }
                      ],
                      "colspan": 1
                    },
                    {
                      "header": false,
                      "contents": [
                        {
                          "Text": "2"
                        }
                      ],
                      "colspan": 1
                    },
                    {
                      "header": false,
                      "contents": [
                        {
                          "Text": "2"
                        }
                      ],
                      "colspan": 1
                    }
                  ],
                  "children": [],
                  "colspan": 1
                },
                {
                  "label": [
                    {
                      "Text": "c"
                    }
                  ],
                  "sym": "F_<T_field_layout::holes::Base>_c",
                  "colVals": [
                    {
                      "header": false,
                      "contents": [
                        {
                          "Text": "unsigned int"
                        }
                      ],
                      "colspan": 1
                    },
                    {
                      "header": false,
                      "contents": [
                        {
                          "Text": "4"
                        }
                      ],
                      "colspan": 1
                    },
                    {
                      "header": false,
                      "contents": [
                        {
                          "Text": "4"
                        }
                      ],
                      "colspan": 1
                    }
                  ],
                  "children": [],
                  "colspan": 1
                },
                {
                  "label": [
                    {
                      "Text": "d"
                    }
                  ],
                  "sym": "F_<T_field_layout::holes::Base>_d",
                  "colVals": [
                    {
                      "header": false,
                      "contents": [
                        {
                          "Text": "char"
                        }
                      ],
                      "colspan": 1
                    },
                    {
                      "header": false,
                      "contents": [
                        {
                          "Text": "8"
                        }
                      ],
                      "colspan": 1
                    },
                    {
                      "header": false,
                      "contents": [
                        {
                          "Text": "1"
                        }
                      ],
                      "colspan": 1
                    }
                  ],
                  "children": [],
                  "colspan": 1
                },
                {
                  "label": [],
                  "sym": null,
                  "colVals": [
                    {
                      "header": false,
                      "contents": [],
                      "colspan": 1
                    },
                    {
                      "header": false,
                      "contents": [
                        {
                          "Text": "3 bytes padding"
                        }
                      ],
                      "colspan": 2
                    }
                  ],
                  "children": [],
                  "colspan": 1
                }
              ],
              "colspan": 4
            }
          ],
          "colspan": 4
        }
      ]
    }
  ]
}
