---
source: tests/test_check_insta.rs
expression: "&to_value(sttl).unwrap()"
---
{
  "tables": [
    {
      "jumprefs": {
        "T_field_layout::empty::S": {
          "sym": "T_field_layout::empty::S",
          "pretty": "field_layout::empty::S",
          "meta": {
            "structured": 1,
            "pretty": "field_layout::empty::S",
            "sym": "T_field_layout::empty::S",
            "type_pretty": null,
            "kind": "struct",
            "subsystem": null,
            "implKind": "",
            "sizeBytes": 1,
            "ownVFPtrBytes": null,
            "bindingSlots": [],
            "ontologySlots": [],
            "supers": [],
            "methods": [
              {
                "pretty": "field_layout::empty::S::S",
                "sym": "_ZN12field_layout5empty1SC1Ev",
                "props": [
                  "instance",
                  "defaulted",
                  "constexpr"
                ],
                "args": []
              },
              {
                "pretty": "field_layout::empty::S::S",
                "sym": "_ZN12field_layout5empty1SC1ERKS1_",
                "props": [
                  "instance",
                  "defaulted",
                  "constexpr"
                ],
                "args": []
              },
              {
                "pretty": "field_layout::empty::S::S",
                "sym": "_ZN12field_layout5empty1SC1EOS1_",
                "props": [
                  "instance",
                  "defaulted",
                  "constexpr"
                ],
                "args": []
              }
            ],
            "fields": [],
            "overrides": [],
            "props": [],
            "variants": []
          },
          "jumps": {
            "def": "field-layout/empty.cpp#7"
          }
        }
      },
      "columns": [
        {
          "label": [
            {
              "Heading": "Name"
            }
          ],
          "colspan": 1
        },
        {
          "label": [
            {
              "Heading": "Type"
            }
          ],
          "colspan": 1
        },
        {
          "label": [
            {
              "Heading": "All platforms"
            }
          ],
          "colspan": 2
        }
      ],
      "sub_columns": [
        {
          "label": [],
          "colspan": 1
        },
        {
          "label": [],
          "colspan": 1
        },
        {
          "label": [
            {
              "Text": "Offset"
            }
          ],
          "colspan": 1
        },
        {
          "label": [
            {
              "Text": "Size"
            }
          ],
          "colspan": 1
        }
      ],
      "rows": [
        {
          "colVals": [
            {
              "header": false,
              "contents": [
                {
                  "SymbolHeading": {
                    "text": "field_layout::empty::S",
                    "symbols": "T_field_layout::empty::S"
                  }
                }
              ],
              "colspan": 5
            }
          ],
          "children": []
        }
      ]
    }
  ]
}
