---
source: tests/test_check_insta.rs
expression: "&to_value(sttl).unwrap()"
---
{
  "tables": [
    {
      "jumprefs": {
        "F_<T_field_layout::field_type::S>_hash_map_field": {
          "sym": "F_<T_field_layout::field_type::S>_hash_map_field",
          "pretty": "field_layout::field_type::S::hash_map_field",
          "meta": {
            "structured": 1,
            "pretty": "field_layout::field_type::S::hash_map_field",
            "sym": "F_<T_field_layout::field_type::S>_hash_map_field",
            "type_pretty": null,
            "kind": "field",
            "subsystem": null,
            "parentsym": "T_field_layout::field_type::S",
            "implKind": "",
            "sizeBytes": null,
            "ownVFPtrBytes": null,
            "bindingSlots": [],
            "ontologySlots": [],
            "supers": [],
            "methods": [],
            "fields": [],
            "overrides": [],
            "props": [],
            "variants": []
          },
          "jumps": {
            "def": "field-layout/field-type.cpp#85"
          }
        },
        "F_<T_field_layout::field_type::S>_pointer_field": {
          "sym": "F_<T_field_layout::field_type::S>_pointer_field",
          "pretty": "field_layout::field_type::S::pointer_field",
          "meta": {
            "structured": 1,
            "pretty": "field_layout::field_type::S::pointer_field",
            "sym": "F_<T_field_layout::field_type::S>_pointer_field",
            "type_pretty": null,
            "kind": "field",
            "subsystem": null,
            "parentsym": "T_field_layout::field_type::S",
            "implKind": "",
            "sizeBytes": null,
            "ownVFPtrBytes": null,
            "bindingSlots": [],
            "ontologySlots": [],
            "supers": [],
            "methods": [],
            "fields": [],
            "overrides": [],
            "props": [],
            "variants": []
          },
          "jumps": {
            "def": "field-layout/field-type.cpp#79"
          }
        },
        "F_<T_field_layout::field_type::S>_protected_field": {
          "sym": "F_<T_field_layout::field_type::S>_protected_field",
          "pretty": "field_layout::field_type::S::protected_field",
          "meta": {
            "structured": 1,
            "pretty": "field_layout::field_type::S::protected_field",
            "sym": "F_<T_field_layout::field_type::S>_protected_field",
            "type_pretty": null,
            "kind": "field",
            "subsystem": null,
            "parentsym": "T_field_layout::field_type::S",
            "implKind": "",
            "sizeBytes": null,
            "ownVFPtrBytes": null,
            "bindingSlots": [],
            "ontologySlots": [],
            "supers": [],
            "methods": [],
            "fields": [],
            "overrides": [],
            "props": [],
            "variants": []
          },
          "jumps": {
            "def": "field-layout/field-type.cpp#86"
          }
        },
        "F_<T_field_layout::field_type::S>_rooted_field": {
          "sym": "F_<T_field_layout::field_type::S>_rooted_field",
          "pretty": "field_layout::field_type::S::rooted_field",
          "meta": {
            "structured": 1,
            "pretty": "field_layout::field_type::S::rooted_field",
            "sym": "F_<T_field_layout::field_type::S>_rooted_field",
            "type_pretty": null,
            "kind": "field",
            "subsystem": null,
            "parentsym": "T_field_layout::field_type::S",
            "implKind": "",
            "sizeBytes": null,
            "ownVFPtrBytes": null,
            "bindingSlots": [],
            "ontologySlots": [],
            "supers": [],
            "methods": [],
            "fields": [],
            "overrides": [],
            "props": [],
            "variants": []
          },
          "jumps": {
            "def": "field-layout/field-type.cpp#83"
          }
        },
        "F_<T_field_layout::field_type::S>_rooted_vec_field": {
          "sym": "F_<T_field_layout::field_type::S>_rooted_vec_field",
          "pretty": "field_layout::field_type::S::rooted_vec_field",
          "meta": {
            "structured": 1,
            "pretty": "field_layout::field_type::S::rooted_vec_field",
            "sym": "F_<T_field_layout::field_type::S>_rooted_vec_field",
            "type_pretty": null,
            "kind": "field",
            "subsystem": null,
            "parentsym": "T_field_layout::field_type::S",
            "implKind": "",
            "sizeBytes": null,
            "ownVFPtrBytes": null,
            "bindingSlots": [],
            "ontologySlots": [],
            "supers": [],
            "methods": [],
            "fields": [],
            "overrides": [],
            "props": [],
            "variants": []
          },
          "jumps": {
            "def": "field-layout/field-type.cpp#84"
          }
        },
        "F_<T_field_layout::field_type::S>_template_field_1": {
          "sym": "F_<T_field_layout::field_type::S>_template_field_1",
          "pretty": "field_layout::field_type::S::template_field_1",
          "meta": {
            "structured": 1,
            "pretty": "field_layout::field_type::S::template_field_1",
            "sym": "F_<T_field_layout::field_type::S>_template_field_1",
            "type_pretty": null,
            "kind": "field",
            "subsystem": null,
            "parentsym": "T_field_layout::field_type::S",
            "implKind": "",
            "sizeBytes": null,
            "ownVFPtrBytes": null,
            "bindingSlots": [],
            "ontologySlots": [],
            "supers": [],
            "methods": [],
            "fields": [],
            "overrides": [],
            "props": [],
            "variants": []
          },
          "jumps": {
            "def": "field-layout/field-type.cpp#80"
          }
        },
        "F_<T_field_layout::field_type::S>_template_field_2": {
          "sym": "F_<T_field_layout::field_type::S>_template_field_2",
          "pretty": "field_layout::field_type::S::template_field_2",
          "meta": {
            "structured": 1,
            "pretty": "field_layout::field_type::S::template_field_2",
            "sym": "F_<T_field_layout::field_type::S>_template_field_2",
            "type_pretty": null,
            "kind": "field",
            "subsystem": null,
            "parentsym": "T_field_layout::field_type::S",
            "implKind": "",
            "sizeBytes": null,
            "ownVFPtrBytes": null,
            "bindingSlots": [],
            "ontologySlots": [],
            "supers": [],
            "methods": [],
            "fields": [],
            "overrides": [],
            "props": [],
            "variants": []
          },
          "jumps": {
            "def": "field-layout/field-type.cpp#81"
          }
        },
        "F_<T_field_layout::field_type::S>_value_field": {
          "sym": "F_<T_field_layout::field_type::S>_value_field",
          "pretty": "field_layout::field_type::S::value_field",
          "meta": {
            "structured": 1,
            "pretty": "field_layout::field_type::S::value_field",
            "sym": "F_<T_field_layout::field_type::S>_value_field",
            "type_pretty": null,
            "kind": "field",
            "subsystem": null,
            "parentsym": "T_field_layout::field_type::S",
            "implKind": "",
            "sizeBytes": null,
            "ownVFPtrBytes": null,
            "bindingSlots": [],
            "ontologySlots": [],
            "supers": [],
            "methods": [],
            "fields": [],
            "overrides": [],
            "props": [],
            "variants": []
          },
          "jumps": {
            "def": "field-layout/field-type.cpp#78"
          }
        },
        "F_<T_field_layout::field_type::S>_vector_field": {
          "sym": "F_<T_field_layout::field_type::S>_vector_field",
          "pretty": "field_layout::field_type::S::vector_field",
          "meta": {
            "structured": 1,
            "pretty": "field_layout::field_type::S::vector_field",
            "sym": "F_<T_field_layout::field_type::S>_vector_field",
            "type_pretty": null,
            "kind": "field",
            "subsystem": null,
            "parentsym": "T_field_layout::field_type::S",
            "implKind": "",
            "sizeBytes": null,
            "ownVFPtrBytes": null,
            "bindingSlots": [],
            "ontologySlots": [],
            "supers": [],
            "methods": [],
            "fields": [],
            "overrides": [],
            "props": [],
            "variants": []
          },
          "jumps": {
            "def": "field-layout/field-type.cpp#82"
          }
        },
        "T_JS::GCHashMap": {
          "sym": "T_JS::GCHashMap",
          "pretty": "T_JS::GCHashMap",
          "jumps": {
            "def": "field-layout/field-type.cpp#38"
          }
        },
        "T_JS::Rooted": {
          "sym": "T_JS::Rooted",
          "pretty": "T_JS::Rooted",
          "jumps": {
            "def": "field-layout/field-type.cpp#15"
          }
        },
        "T_JS::RootedVector": {
          "sym": "T_JS::RootedVector",
          "pretty": "T_JS::RootedVector",
          "jumps": {
            "def": "field-layout/field-type.cpp#28"
          }
        },
        "T_JS::Value": {
          "sym": "T_JS::Value",
          "pretty": "JS::Value",
          "meta": {
            "structured": 1,
            "pretty": "JS::Value",
            "sym": "T_JS::Value",
            "type_pretty": null,
            "kind": "class",
            "subsystem": null,
            "implKind": "",
            "sizeBytes": 8,
            "ownVFPtrBytes": null,
            "bindingSlots": [],
            "ontologySlots": [],
            "supers": [],
            "methods": [],
            "fields": [
              {
                "pretty": "JS::Value::asBits_",
                "sym": "F_<T_JS::Value>_asBits_",
                "type": "unsigned long",
                "typesym": "",
                "offsetBytes": 0,
                "bitPositions": null,
                "sizeBytes": 8
              }
            ],
            "overrides": [],
            "props": [],
            "variants": []
          },
          "jumps": {
            "def": "field-layout/field-type.cpp#31"
          }
        },
        "T_JSObject": {
          "sym": "T_JSObject",
          "pretty": "JSObject",
          "meta": {
            "structured": 1,
            "pretty": "JSObject",
            "sym": "T_JSObject",
            "type_pretty": null,
            "kind": "class",
            "subsystem": null,
            "implKind": "",
            "sizeBytes": 1,
            "ownVFPtrBytes": null,
            "bindingSlots": [],
            "ontologySlots": [],
            "supers": [],
            "methods": [],
            "fields": [],
            "overrides": [],
            "props": [],
            "labels": [
              "class-diagram:stop"
            ],
            "variants": []
          },
          "jumps": {
            "def": "field-layout/field-type.cpp#5"
          }
        },
        "T_field_layout::field_type::Container1": {
          "sym": "T_field_layout::field_type::Container1",
          "pretty": "T_field_layout::field_type::Container1",
          "jumps": {
            "def": "field-layout/field-type.cpp#63"
          }
        },
        "T_field_layout::field_type::Container2": {
          "sym": "T_field_layout::field_type::Container2",
          "pretty": "T_field_layout::field_type::Container2",
          "jumps": {
            "def": "field-layout/field-type.cpp#73"
          }
        },
        "T_field_layout::field_type::S": {
          "sym": "T_field_layout::field_type::S",
          "pretty": "field_layout::field_type::S",
          "meta": {
            "structured": 1,
            "pretty": "field_layout::field_type::S",
            "sym": "T_field_layout::field_type::S",
            "type_pretty": null,
            "kind": "struct",
            "subsystem": null,
            "implKind": "",
            "sizeBytes": 56,
            "ownVFPtrBytes": null,
            "bindingSlots": [],
            "ontologySlots": [],
            "supers": [],
            "methods": [
              {
                "pretty": "field_layout::field_type::S::S",
                "sym": "_ZN12field_layout10field_type1SC1ERKS1_",
                "props": [
                  "instance",
                  "defaulted"
                ],
                "args": []
              },
              {
                "pretty": "field_layout::field_type::S::S",
                "sym": "_ZN12field_layout10field_type1SC1EOS1_",
                "props": [
                  "instance",
                  "defaulted"
                ],
                "args": []
              },
              {
                "pretty": "field_layout::field_type::S::operator=",
                "sym": "_ZN12field_layout10field_type1SaSERKS1_",
                "props": [
                  "instance",
                  "defaulted"
                ],
                "args": []
              },
              {
                "pretty": "field_layout::field_type::S::operator=",
                "sym": "_ZN12field_layout10field_type1SaSEOS1_",
                "props": [
                  "instance",
                  "defaulted"
                ],
                "args": []
              },
              {
                "pretty": "field_layout::field_type::S::~S",
                "sym": "_ZN12field_layout10field_type1SD1Ev",
                "props": [
                  "instance",
                  "defaulted"
                ],
                "args": []
              },
              {
                "pretty": "field_layout::field_type::S::S",
                "sym": "_ZN12field_layout10field_type1SC1Ev",
                "props": [
                  "instance",
                  "defaulted"
                ],
                "args": []
              }
            ],
            "fields": [
              {
                "pretty": "field_layout::field_type::S::value_field",
                "sym": "F_<T_field_layout::field_type::S>_value_field",
                "type": "struct field_layout::field_type::Type1",
                "typesym": "T_field_layout::field_type::Type1",
                "offsetBytes": 0,
                "bitPositions": null,
                "sizeBytes": 1,
                "pointerInfo": [
                  {
                    "kind": "contains",
                    "sym": "T_field_layout::field_type::Type1"
                  }
                ]
              },
              {
                "pretty": "field_layout::field_type::S::pointer_field",
                "sym": "F_<T_field_layout::field_type::S>_pointer_field",
                "type": "const struct field_layout::field_type::Type1 *",
                "typesym": "T_field_layout::field_type::Type1",
                "offsetBytes": 8,
                "bitPositions": null,
                "sizeBytes": 8,
                "pointerInfo": [
                  {
                    "kind": "raw",
                    "sym": "T_field_layout::field_type::Type1"
                  }
                ]
              },
              {
                "pretty": "field_layout::field_type::S::template_field_1",
                "sym": "F_<T_field_layout::field_type::S>_template_field_1",
                "type": "struct field_layout::field_type::Container1<struct field_layout::field_type::Type1>",
                "typesym": "T_field_layout::field_type::Container1",
                "offsetBytes": 16,
                "bitPositions": null,
                "sizeBytes": 1,
                "pointerInfo": [
                  {
                    "kind": "contains",
                    "sym": "T_field_layout::field_type::Container1"
                  }
                ]
              },
              {
                "pretty": "field_layout::field_type::S::template_field_2",
                "sym": "F_<T_field_layout::field_type::S>_template_field_2",
                "type": "struct field_layout::field_type::Container2<struct field_layout::field_type::Type1, field_layout::field_type::Enum1::No>",
                "typesym": "T_field_layout::field_type::Container2",
                "offsetBytes": 17,
                "bitPositions": null,
                "sizeBytes": 1,
                "pointerInfo": [
                  {
                    "kind": "contains",
                    "sym": "T_field_layout::field_type::Container2"
                  }
                ]
              },
              {
                "pretty": "field_layout::field_type::S::vector_field",
                "sym": "F_<T_field_layout::field_type::S>_vector_field",
                "type": "class std::vector<struct field_layout::field_type::Type1>",
                "typesym": "T_std::vector",
                "offsetBytes": 24,
                "bitPositions": null,
                "sizeBytes": 24,
                "pointerInfo": [
                  {
                    "kind": "contains",
                    "sym": "T_field_layout::field_type::Type1"
                  }
                ]
              },
              {
                "pretty": "field_layout::field_type::S::rooted_field",
                "sym": "F_<T_field_layout::field_type::S>_rooted_field",
                "type": "class JS::Rooted<class JS::Value>",
                "typesym": "T_JS::Rooted",
                "offsetBytes": 48,
                "bitPositions": null,
                "sizeBytes": 1,
                "pointerInfo": [
                  {
                    "kind": "gcref",
                    "sym": "T_JS::Value"
                  }
                ]
              },
              {
                "pretty": "field_layout::field_type::S::rooted_vec_field",
                "sym": "F_<T_field_layout::field_type::S>_rooted_vec_field",
                "type": "class JS::RootedVector<class JS::Value>",
                "typesym": "T_JS::RootedVector",
                "offsetBytes": 49,
                "bitPositions": null,
                "sizeBytes": 1,
                "pointerInfo": [
                  {
                    "kind": "contains",
                    "sym": "T_JS::Value"
                  }
                ]
              },
              {
                "pretty": "field_layout::field_type::S::hash_map_field",
                "sym": "F_<T_field_layout::field_type::S>_hash_map_field",
                "type": "class JS::GCHashMap<class JS::Value, class JSObject *>",
                "typesym": "T_JS::GCHashMap",
                "offsetBytes": 50,
                "bitPositions": null,
                "sizeBytes": 1,
                "pointerInfo": [
                  {
                    "kind": "contains",
                    "sym": "T_JS::Value"
                  },
                  {
                    "kind": "raw",
                    "sym": "T_JSObject"
                  }
                ]
              },
              {
                "pretty": "field_layout::field_type::S::protected_field",
                "sym": "F_<T_field_layout::field_type::S>_protected_field",
                "type": "class js::ProtectedDataNoCheckArgs<class js::TestCheck, class JS::Value>",
                "typesym": "T_js::ProtectedDataNoCheckArgs",
                "offsetBytes": 51,
                "bitPositions": null,
                "sizeBytes": 1,
                "pointerInfo": [
                  {
                    "kind": "contains",
                    "sym": "T_js::TestCheck"
                  },
                  {
                    "kind": "contains",
                    "sym": "T_JS::Value"
                  }
                ]
              }
            ],
            "overrides": [],
            "props": [],
            "variants": []
          },
          "jumps": {
            "def": "field-layout/field-type.cpp#77"
          }
        },
        "T_field_layout::field_type::Type1": {
          "sym": "T_field_layout::field_type::Type1",
          "pretty": "field_layout::field_type::Type1",
          "meta": {
            "structured": 1,
            "pretty": "field_layout::field_type::Type1",
            "sym": "T_field_layout::field_type::Type1",
            "type_pretty": null,
            "kind": "struct",
            "subsystem": null,
            "implKind": "",
            "sizeBytes": 1,
            "ownVFPtrBytes": null,
            "bindingSlots": [],
            "ontologySlots": [],
            "supers": [],
            "methods": [
              {
                "pretty": "field_layout::field_type::Type1::Type1",
                "sym": "_ZN12field_layout10field_type5Type1C1ERKS1_",
                "props": [
                  "instance",
                  "defaulted",
                  "constexpr"
                ],
                "args": []
              },
              {
                "pretty": "field_layout::field_type::Type1::Type1",
                "sym": "_ZN12field_layout10field_type5Type1C1EOS1_",
                "props": [
                  "instance",
                  "defaulted",
                  "constexpr"
                ],
                "args": []
              },
              {
                "pretty": "field_layout::field_type::Type1::~Type1",
                "sym": "_ZN12field_layout10field_type5Type1D1Ev",
                "props": [
                  "instance",
                  "defaulted"
                ],
                "args": []
              },
              {
                "pretty": "field_layout::field_type::Type1::operator=",
                "sym": "_ZN12field_layout10field_type5Type1aSERKS1_",
                "props": [
                  "instance",
                  "defaulted",
                  "constexpr"
                ],
                "args": []
              },
              {
                "pretty": "field_layout::field_type::Type1::operator=",
                "sym": "_ZN12field_layout10field_type5Type1aSEOS1_",
                "props": [
                  "instance",
                  "defaulted",
                  "constexpr"
                ],
                "args": []
              },
              {
                "pretty": "field_layout::field_type::Type1::Type1",
                "sym": "_ZN12field_layout10field_type5Type1C1Ev",
                "props": [
                  "instance",
                  "defaulted"
                ],
                "args": []
              }
            ],
            "fields": [
              {
                "pretty": "field_layout::field_type::Type1::a",
                "sym": "F_<T_field_layout::field_type::Type1>_a",
                "type": "unsigned char",
                "typesym": "",
                "offsetBytes": 0,
                "bitPositions": null,
                "sizeBytes": 1
              }
            ],
            "overrides": [],
            "props": [],
            "variants": []
          },
          "jumps": {
            "def": "field-layout/field-type.cpp#58"
          }
        },
        "T_js::ProtectedDataNoCheckArgs": {
          "sym": "T_js::ProtectedDataNoCheckArgs",
          "pretty": "T_js::ProtectedDataNoCheckArgs",
          "jumps": {
            "def": "field-layout/field-type.cpp#49"
          }
        },
        "T_js::TestCheck": {
          "sym": "T_js::TestCheck",
          "pretty": "js::TestCheck",
          "meta": {
            "structured": 1,
            "pretty": "js::TestCheck",
            "sym": "T_js::TestCheck",
            "type_pretty": null,
            "kind": "class",
            "subsystem": null,
            "implKind": "",
            "sizeBytes": 1,
            "ownVFPtrBytes": null,
            "bindingSlots": [],
            "ontologySlots": [],
            "supers": [],
            "methods": [],
            "fields": [],
            "overrides": [],
            "props": [],
            "variants": []
          },
          "jumps": {
            "def": "field-layout/field-type.cpp#45"
          }
        },
        "T_std::vector": {
          "sym": "T_std::vector",
          "pretty": "T_std::vector"
        }
      },
      "platforms": [
        "All platforms"
      ],
      "rows": [
        {
          "colVals": [
            {
              "header": false,
              "contents": [
                {
                  "SymbolHeading": {
                    "text": "field_layout::field_type::S",
                    "symbols": "T_field_layout::field_type::S"
                  }
                }
              ],
              "colspan": 5
            }
          ],
          "children": [
            {
              "colVals": [
                {
                  "header": false,
                  "contents": [
                    {
                      "SymbolText": {
                        "text": "value_field",
                        "symbols": "F_<T_field_layout::field_type::S>_value_field"
                      }
                    }
                  ],
                  "colspan": 1
                },
                {
                  "header": false,
                  "contents": [
                    {
                      "SymbolText": {
                        "text": "struct field_layout::field_type::Type1",
                        "symbols": "T_field_layout::field_type::Type1"
                      }
                    }
                  ],
                  "colspan": 1
                },
                {
                  "header": false,
                  "contents": [
                    {
                      "Text": "@ 0x0"
                    }
                  ],
                  "colspan": 1
                },
                {
                  "header": false,
                  "contents": [
                    {
                      "Text": "1"
                    }
                  ],
                  "colspan": 1
                }
              ],
              "children": []
            },
            {
              "colVals": [
                {
                  "header": false,
                  "contents": [],
                  "colspan": 2
                },
                {
                  "header": false,
                  "contents": [
                    {
                      "ItalicText": "7 bytes hole"
                    }
                  ],
                  "colspan": 2
                }
              ],
              "children": []
            },
            {
              "colVals": [
                {
                  "header": false,
                  "contents": [
                    {
                      "SymbolText": {
                        "text": "pointer_field",
                        "symbols": "F_<T_field_layout::field_type::S>_pointer_field"
                      }
                    }
                  ],
                  "colspan": 1
                },
                {
                  "header": false,
                  "contents": [
                    {
                      "SymbolText": {
                        "text": "const struct field_layout::field_type::Type1 *",
                        "symbols": "T_field_layout::field_type::Type1"
                      }
                    }
                  ],
                  "colspan": 1
                },
                {
                  "header": false,
                  "contents": [
                    {
                      "Text": "@ 0x8"
                    }
                  ],
                  "colspan": 1
                },
                {
                  "header": false,
                  "contents": [
                    {
                      "Text": "8"
                    }
                  ],
                  "colspan": 1
                }
              ],
              "children": []
            },
            {
              "colVals": [
                {
                  "header": false,
                  "contents": [
                    {
                      "SymbolText": {
                        "text": "template_field_1",
                        "symbols": "F_<T_field_layout::field_type::S>_template_field_1"
                      }
                    }
                  ],
                  "colspan": 1
                },
                {
                  "header": false,
                  "contents": [
                    {
                      "SymbolText": {
                        "text": "struct field_layout::field_type::Container1<struct field_layout::field_type::Type1>",
                        "symbols": "T_field_layout::field_type::Container1"
                      }
                    }
                  ],
                  "colspan": 1
                },
                {
                  "header": false,
                  "contents": [
                    {
                      "Text": "@ 0x10"
                    }
                  ],
                  "colspan": 1
                },
                {
                  "header": false,
                  "contents": [
                    {
                      "Text": "1"
                    }
                  ],
                  "colspan": 1
                }
              ],
              "children": []
            },
            {
              "colVals": [
                {
                  "header": false,
                  "contents": [
                    {
                      "SymbolText": {
                        "text": "template_field_2",
                        "symbols": "F_<T_field_layout::field_type::S>_template_field_2"
                      }
                    }
                  ],
                  "colspan": 1
                },
                {
                  "header": false,
                  "contents": [
                    {
                      "SymbolText": {
                        "text": "struct field_layout::field_type::Container2<struct field_layout::field_type::Type1, field_layout::field_type::Enum1::No>",
                        "symbols": "T_field_layout::field_type::Container2"
                      }
                    }
                  ],
                  "colspan": 1
                },
                {
                  "header": false,
                  "contents": [
                    {
                      "Text": "@ 0x11"
                    }
                  ],
                  "colspan": 1
                },
                {
                  "header": false,
                  "contents": [
                    {
                      "Text": "1"
                    }
                  ],
                  "colspan": 1
                }
              ],
              "children": []
            },
            {
              "colVals": [
                {
                  "header": false,
                  "contents": [],
                  "colspan": 2
                },
                {
                  "header": false,
                  "contents": [
                    {
                      "ItalicText": "6 bytes hole"
                    }
                  ],
                  "colspan": 2
                }
              ],
              "children": []
            },
            {
              "colVals": [
                {
                  "header": false,
                  "contents": [
                    {
                      "SymbolText": {
                        "text": "vector_field",
                        "symbols": "F_<T_field_layout::field_type::S>_vector_field"
                      }
                    }
                  ],
                  "colspan": 1
                },
                {
                  "header": false,
                  "contents": [
                    {
                      "SymbolText": {
                        "text": "class std::vector<struct field_layout::field_type::Type1>",
                        "symbols": "T_std::vector,T_field_layout::field_type::Type1"
                      }
                    }
                  ],
                  "colspan": 1
                },
                {
                  "header": false,
                  "contents": [
                    {
                      "Text": "@ 0x18"
                    }
                  ],
                  "colspan": 1
                },
                {
                  "header": false,
                  "contents": [
                    {
                      "Text": "24"
                    }
                  ],
                  "colspan": 1
                }
              ],
              "children": []
            },
            {
              "colVals": [
                {
                  "header": false,
                  "contents": [
                    {
                      "SymbolText": {
                        "text": "rooted_field",
                        "symbols": "F_<T_field_layout::field_type::S>_rooted_field"
                      }
                    }
                  ],
                  "colspan": 1
                },
                {
                  "header": false,
                  "contents": [
                    {
                      "SymbolText": {
                        "text": "class JS::Rooted<class JS::Value>",
                        "symbols": "T_JS::Rooted,T_JS::Value"
                      }
                    }
                  ],
                  "colspan": 1
                },
                {
                  "header": false,
                  "contents": [
                    {
                      "Text": "@ 0x30"
                    }
                  ],
                  "colspan": 1
                },
                {
                  "header": false,
                  "contents": [
                    {
                      "Text": "1"
                    }
                  ],
                  "colspan": 1
                }
              ],
              "children": []
            },
            {
              "colVals": [
                {
                  "header": false,
                  "contents": [
                    {
                      "SymbolText": {
                        "text": "rooted_vec_field",
                        "symbols": "F_<T_field_layout::field_type::S>_rooted_vec_field"
                      }
                    }
                  ],
                  "colspan": 1
                },
                {
                  "header": false,
                  "contents": [
                    {
                      "SymbolText": {
                        "text": "class JS::RootedVector<class JS::Value>",
                        "symbols": "T_JS::RootedVector,T_JS::Value"
                      }
                    }
                  ],
                  "colspan": 1
                },
                {
                  "header": false,
                  "contents": [
                    {
                      "Text": "@ 0x31"
                    }
                  ],
                  "colspan": 1
                },
                {
                  "header": false,
                  "contents": [
                    {
                      "Text": "1"
                    }
                  ],
                  "colspan": 1
                }
              ],
              "children": []
            },
            {
              "colVals": [
                {
                  "header": false,
                  "contents": [
                    {
                      "SymbolText": {
                        "text": "hash_map_field",
                        "symbols": "F_<T_field_layout::field_type::S>_hash_map_field"
                      }
                    }
                  ],
                  "colspan": 1
                },
                {
                  "header": false,
                  "contents": [
                    {
                      "SymbolText": {
                        "text": "class JS::GCHashMap<class JS::Value, class JSObject *>",
                        "symbols": "T_JS::GCHashMap,T_JS::Value,T_JSObject"
                      }
                    }
                  ],
                  "colspan": 1
                },
                {
                  "header": false,
                  "contents": [
                    {
                      "Text": "@ 0x32"
                    }
                  ],
                  "colspan": 1
                },
                {
                  "header": false,
                  "contents": [
                    {
                      "Text": "1"
                    }
                  ],
                  "colspan": 1
                }
              ],
              "children": []
            },
            {
              "colVals": [
                {
                  "header": false,
                  "contents": [
                    {
                      "SymbolText": {
                        "text": "protected_field",
                        "symbols": "F_<T_field_layout::field_type::S>_protected_field"
                      }
                    }
                  ],
                  "colspan": 1
                },
                {
                  "header": false,
                  "contents": [
                    {
                      "SymbolText": {
                        "text": "class js::ProtectedDataNoCheckArgs<class js::TestCheck, class JS::Value>",
                        "symbols": "T_js::ProtectedDataNoCheckArgs,T_js::TestCheck,T_JS::Value"
                      }
                    }
                  ],
                  "colspan": 1
                },
                {
                  "header": false,
                  "contents": [
                    {
                      "Text": "@ 0x33"
                    }
                  ],
                  "colspan": 1
                },
                {
                  "header": false,
                  "contents": [
                    {
                      "Text": "1"
                    }
                  ],
                  "colspan": 1
                }
              ],
              "children": []
            },
            {
              "colVals": [
                {
                  "header": false,
                  "contents": [],
                  "colspan": 2
                },
                {
                  "header": false,
                  "contents": [
                    {
                      "ItalicText": "4 bytes padding"
                    }
                  ],
                  "colspan": 2
                }
              ],
              "children": []
            }
          ]
        }
      ]
    }
  ]
}
