---
source: tests/test_check_insta.rs
expression: "&json_results"
---
[
  {
    "loc": "6:33-73",
    "source": 1,
    "syntax": "file,use",
    "pretty": "file urlmap/chrome1.css",
    "sym": "FILE_urlmap/chrome1@2Ecss"
  },
  {
    "loc": "6:33-73",
    "target": 1,
    "kind": "use",
    "pretty": "file urlmap/chrome1.css",
    "sym": "FILE_urlmap/chrome1@2Ecss",
    "context": ""
  },
  {
    "loc": "11:47-89",
    "source": 1,
    "syntax": "file,use",
    "pretty": "file urlmap/chrome1.mjs",
    "sym": "FILE_urlmap/chrome1@2Emjs"
  },
  {
    "loc": "11:47-89",
    "source": 1,
    "syntax": "file,use",
    "pretty": "file urlmap/chrome1b.mjs",
    "sym": "FILE_urlmap/chrome1b@2Emjs"
  },
  {
    "loc": "11:47-89",
    "target": 1,
    "kind": "use",
    "pretty": "file urlmap/chrome1.mjs",
    "sym": "FILE_urlmap/chrome1@2Emjs",
    "context": ""
  },
  {
    "loc": "11:47-89",
    "target": 1,
    "kind": "use",
    "pretty": "file urlmap/chrome1b.mjs",
    "sym": "FILE_urlmap/chrome1b@2Emjs",
    "context": ""
  },
  {
    "loc": "12:49-80",
    "source": 1,
    "syntax": "file,use",
    "pretty": "file urlmap/resource1.mjs",
    "sym": "FILE_urlmap/resource1@2Emjs"
  },
  {
    "loc": "12:49-80",
    "target": 1,
    "kind": "use",
    "pretty": "file urlmap/resource1.mjs",
    "sym": "FILE_urlmap/resource1@2Emjs",
    "context": ""
  },
  {
    "loc": "16:11-53",
    "source": 1,
    "syntax": "file,use",
    "pretty": "file urlmap/chrome2.mjs",
    "sym": "FILE_urlmap/chrome2@2Emjs"
  },
  {
    "loc": "16:11-53",
    "target": 1,
    "kind": "use",
    "pretty": "file urlmap/chrome2.mjs",
    "sym": "FILE_urlmap/chrome2@2Emjs",
    "context": "chrome2"
  },
  {
    "loc": "17:13-44",
    "source": 1,
    "syntax": "file,use",
    "pretty": "file urlmap/resource2.mjs",
    "sym": "FILE_urlmap/resource2@2Emjs"
  },
  {
    "loc": "17:13-44",
    "target": 1,
    "kind": "use",
    "pretty": "file urlmap/resource2.mjs",
    "sym": "FILE_urlmap/resource2@2Emjs",
    "context": "resource2"
  },
  {
    "loc": "20:12-55",
    "source": 1,
    "syntax": "file,use",
    "pretty": "file urlmap/chrome1.html",
    "sym": "FILE_urlmap/chrome1@2Ehtml"
  },
  {
    "loc": "20:12-55",
    "target": 1,
    "kind": "use",
    "pretty": "file urlmap/chrome1.html",
    "sym": "FILE_urlmap/chrome1@2Ehtml",
    "context": ""
  },
  {
    "loc": "21:12-44",
    "source": 1,
    "syntax": "file,use",
    "pretty": "file urlmap/resource1.html",
    "sym": "FILE_urlmap/resource1@2Ehtml"
  },
  {
    "loc": "21:12-44",
    "target": 1,
    "kind": "use",
    "pretty": "file urlmap/resource1.html",
    "sym": "FILE_urlmap/resource1@2Ehtml",
    "context": ""
  },
  {
    "loc": "24:24-66",
    "source": 1,
    "syntax": "file,use",
    "pretty": "file urlmap/chrome3.mjs",
    "sym": "FILE_urlmap/chrome3@2Emjs"
  },
  {
    "loc": "24:24-66",
    "target": 1,
    "kind": "use",
    "pretty": "file urlmap/chrome3.mjs",
    "sym": "FILE_urlmap/chrome3@2Emjs",
    "context": ""
  },
  {
    "loc": "25:26-57",
    "source": 1,
    "syntax": "file,use",
    "pretty": "file urlmap/resource3.mjs",
    "sym": "FILE_urlmap/resource3@2Emjs"
  },
  {
    "loc": "25:26-57",
    "target": 1,
    "kind": "use",
    "pretty": "file urlmap/resource3.mjs",
    "sym": "FILE_urlmap/resource3@2Emjs",
    "context": ""
  },
  {
    "loc": "27:47-89",
    "source": 1,
    "syntax": "file,use",
    "pretty": "file urlmap/chrome1.mjs",
    "sym": "FILE_urlmap/chrome1@2Emjs"
  },
  {
    "loc": "27:47-89",
    "source": 1,
    "syntax": "file,use",
    "pretty": "file urlmap/chrome1b.mjs",
    "sym": "FILE_urlmap/chrome1b@2Emjs"
  },
  {
    "loc": "27:47-89",
    "target": 1,
    "kind": "use",
    "pretty": "file urlmap/chrome1.mjs",
    "sym": "FILE_urlmap/chrome1@2Emjs",
    "context": ""
  },
  {
    "loc": "27:47-89",
    "target": 1,
    "kind": "use",
    "pretty": "file urlmap/chrome1b.mjs",
    "sym": "FILE_urlmap/chrome1b@2Emjs",
    "context": ""
  },
  {
    "loc": "28:49-80",
    "source": 1,
    "syntax": "file,use",
    "pretty": "file urlmap/resource1.mjs",
    "sym": "FILE_urlmap/resource1@2Emjs"
  },
  {
    "loc": "28:49-80",
    "target": 1,
    "kind": "use",
    "pretty": "file urlmap/resource1.mjs",
    "sym": "FILE_urlmap/resource1@2Emjs",
    "context": ""
  },
  {
    "loc": "32:11-53",
    "source": 1,
    "syntax": "file,use",
    "pretty": "file urlmap/chrome2.mjs",
    "sym": "FILE_urlmap/chrome2@2Emjs"
  },
  {
    "loc": "32:11-53",
    "target": 1,
    "kind": "use",
    "pretty": "file urlmap/chrome2.mjs",
    "sym": "FILE_urlmap/chrome2@2Emjs",
    "context": "chrome2"
  },
  {
    "loc": "33:13-44",
    "source": 1,
    "syntax": "file,use",
    "pretty": "file urlmap/resource2.mjs",
    "sym": "FILE_urlmap/resource2@2Emjs"
  },
  {
    "loc": "33:13-44",
    "target": 1,
    "kind": "use",
    "pretty": "file urlmap/resource2.mjs",
    "sym": "FILE_urlmap/resource2@2Emjs",
    "context": "resource2"
  },
  {
    "loc": "36:12-55",
    "source": 1,
    "syntax": "file,use",
    "pretty": "file urlmap/chrome1.html",
    "sym": "FILE_urlmap/chrome1@2Ehtml"
  },
  {
    "loc": "36:12-55",
    "target": 1,
    "kind": "use",
    "pretty": "file urlmap/chrome1.html",
    "sym": "FILE_urlmap/chrome1@2Ehtml",
    "context": ""
  },
  {
    "loc": "37:12-44",
    "source": 1,
    "syntax": "file,use",
    "pretty": "file urlmap/resource1.html",
    "sym": "FILE_urlmap/resource1@2Ehtml"
  },
  {
    "loc": "37:12-44",
    "target": 1,
    "kind": "use",
    "pretty": "file urlmap/resource1.html",
    "sym": "FILE_urlmap/resource1@2Ehtml",
    "context": ""
  },
  {
    "loc": "39:31-71",
    "source": 1,
    "syntax": "file,use",
    "pretty": "file urlmap/chrome1.mjs",
    "sym": "FILE_urlmap/chrome1@2Emjs"
  },
  {
    "loc": "39:31-71",
    "target": 1,
    "kind": "use",
    "pretty": "file urlmap/chrome1.mjs",
    "sym": "FILE_urlmap/chrome1@2Emjs",
    "context": ""
  },
  {
    "loc": "40:31-60",
    "source": 1,
    "syntax": "file,use",
    "pretty": "file urlmap/resource1.mjs",
    "sym": "FILE_urlmap/resource1@2Emjs"
  },
  {
    "loc": "40:31-60",
    "target": 1,
    "kind": "use",
    "pretty": "file urlmap/resource1.mjs",
    "sym": "FILE_urlmap/resource1@2Emjs",
    "context": ""
  },
  {
    "loc": "42:14-43",
    "source": 1,
    "syntax": "file,use",
    "pretty": "file urlmap/resource1.png",
    "sym": "FILE_urlmap/resource1@2Epng"
  },
  {
    "loc": "42:14-43",
    "target": 1,
    "kind": "use",
    "pretty": "file urlmap/resource1.png",
    "sym": "FILE_urlmap/resource1@2Epng",
    "context": ""
  },
  {
    "loc": "41:14-54",
    "source": 1,
    "syntax": "file,use",
    "pretty": "file urlmap/chrome1.png",
    "sym": "FILE_urlmap/chrome1@2Epng"
  },
  {
    "loc": "41:14-54",
    "target": 1,
    "kind": "use",
    "pretty": "file urlmap/chrome1.png",
    "sym": "FILE_urlmap/chrome1@2Epng",
    "context": ""
  }
]
