---
source: tests/test_check_insta.rs
expression: "&to_value(sttl).unwrap()"
---
{
  "tables": [
    {
      "jumprefs": {
        "F_<T_field_layout::bitfields::S>_b1": {
          "sym": "F_<T_field_layout::bitfields::S>_b1",
          "pretty": "field_layout::bitfields::S::b1",
          "meta": {
            "structured": 1,
            "pretty": "field_layout::bitfields::S::b1",
            "sym": "F_<T_field_layout::bitfields::S>_b1",
            "type_pretty": null,
            "kind": "field",
            "subsystem": null,
            "parentsym": "T_field_layout::bitfields::S",
            "implKind": "",
            "sizeBytes": null,
            "ownVFPtrBytes": null,
            "bindingSlots": [],
            "ontologySlots": [],
            "supers": [],
            "methods": [],
            "fields": [],
            "overrides": [],
            "props": [],
            "variants": []
          },
          "jumps": {
            "def": "field-layout/bitfields.cpp#8"
          }
        },
        "F_<T_field_layout::bitfields::S>_b2": {
          "sym": "F_<T_field_layout::bitfields::S>_b2",
          "pretty": "field_layout::bitfields::S::b2",
          "meta": {
            "structured": 1,
            "pretty": "field_layout::bitfields::S::b2",
            "sym": "F_<T_field_layout::bitfields::S>_b2",
            "type_pretty": null,
            "kind": "field",
            "subsystem": null,
            "parentsym": "T_field_layout::bitfields::S",
            "implKind": "",
            "sizeBytes": null,
            "ownVFPtrBytes": null,
            "bindingSlots": [],
            "ontologySlots": [],
            "supers": [],
            "methods": [],
            "fields": [],
            "overrides": [],
            "props": [],
            "variants": []
          },
          "jumps": {
            "def": "field-layout/bitfields.cpp#9"
          }
        },
        "F_<T_field_layout::bitfields::S>_b3": {
          "sym": "F_<T_field_layout::bitfields::S>_b3",
          "pretty": "field_layout::bitfields::S::b3",
          "meta": {
            "structured": 1,
            "pretty": "field_layout::bitfields::S::b3",
            "sym": "F_<T_field_layout::bitfields::S>_b3",
            "type_pretty": null,
            "kind": "field",
            "subsystem": null,
            "parentsym": "T_field_layout::bitfields::S",
            "implKind": "",
            "sizeBytes": null,
            "ownVFPtrBytes": null,
            "bindingSlots": [],
            "ontologySlots": [],
            "supers": [],
            "methods": [],
            "fields": [],
            "overrides": [],
            "props": [],
            "variants": []
          },
          "jumps": {
            "def": "field-layout/bitfields.cpp#10"
          }
        },
        "F_<T_field_layout::bitfields::S>_b4": {
          "sym": "F_<T_field_layout::bitfields::S>_b4",
          "pretty": "field_layout::bitfields::S::b4",
          "meta": {
            "structured": 1,
            "pretty": "field_layout::bitfields::S::b4",
            "sym": "F_<T_field_layout::bitfields::S>_b4",
            "type_pretty": null,
            "kind": "field",
            "subsystem": null,
            "parentsym": "T_field_layout::bitfields::S",
            "implKind": "",
            "sizeBytes": null,
            "ownVFPtrBytes": null,
            "bindingSlots": [],
            "ontologySlots": [],
            "supers": [],
            "methods": [],
            "fields": [],
            "overrides": [],
            "props": [],
            "variants": []
          },
          "jumps": {
            "def": "field-layout/bitfields.cpp#11"
          }
        },
        "F_<T_field_layout::bitfields::S>_b5": {
          "sym": "F_<T_field_layout::bitfields::S>_b5",
          "pretty": "field_layout::bitfields::S::b5",
          "meta": {
            "structured": 1,
            "pretty": "field_layout::bitfields::S::b5",
            "sym": "F_<T_field_layout::bitfields::S>_b5",
            "type_pretty": null,
            "kind": "field",
            "subsystem": null,
            "parentsym": "T_field_layout::bitfields::S",
            "implKind": "",
            "sizeBytes": null,
            "ownVFPtrBytes": null,
            "bindingSlots": [],
            "ontologySlots": [],
            "supers": [],
            "methods": [],
            "fields": [],
            "overrides": [],
            "props": [],
            "variants": []
          },
          "jumps": {
            "def": "field-layout/bitfields.cpp#12"
          }
        },
        "F_<T_field_layout::bitfields::S>_b6": {
          "sym": "F_<T_field_layout::bitfields::S>_b6",
          "pretty": "field_layout::bitfields::S::b6",
          "meta": {
            "structured": 1,
            "pretty": "field_layout::bitfields::S::b6",
            "sym": "F_<T_field_layout::bitfields::S>_b6",
            "type_pretty": null,
            "kind": "field",
            "subsystem": null,
            "parentsym": "T_field_layout::bitfields::S",
            "implKind": "",
            "sizeBytes": null,
            "ownVFPtrBytes": null,
            "bindingSlots": [],
            "ontologySlots": [],
            "supers": [],
            "methods": [],
            "fields": [],
            "overrides": [],
            "props": [],
            "variants": []
          },
          "jumps": {
            "def": "field-layout/bitfields.cpp#13"
          }
        },
        "T_field_layout::bitfields::S": {
          "sym": "T_field_layout::bitfields::S",
          "pretty": "field_layout::bitfields::S",
          "meta": {
            "structured": 1,
            "pretty": "field_layout::bitfields::S",
            "sym": "T_field_layout::bitfields::S",
            "type_pretty": null,
            "kind": "struct",
            "subsystem": null,
            "implKind": "",
            "sizeBytes": 4,
            "ownVFPtrBytes": null,
            "bindingSlots": [],
            "ontologySlots": [],
            "supers": [],
            "methods": [
              {
                "pretty": "field_layout::bitfields::S::S",
                "sym": "_ZN12field_layout9bitfields1SC1Ev",
                "props": [
                  "instance",
                  "defaulted"
                ],
                "args": []
              },
              {
                "pretty": "field_layout::bitfields::S::S",
                "sym": "_ZN12field_layout9bitfields1SC1ERKS1_",
                "props": [
                  "instance",
                  "defaulted",
                  "constexpr"
                ],
                "args": []
              },
              {
                "pretty": "field_layout::bitfields::S::S",
                "sym": "_ZN12field_layout9bitfields1SC1EOS1_",
                "props": [
                  "instance",
                  "defaulted",
                  "constexpr"
                ],
                "args": []
              }
            ],
            "fields": [
              {
                "pretty": "field_layout::bitfields::S::b1",
                "sym": "F_<T_field_layout::bitfields::S>_b1",
                "type": "unsigned int",
                "typesym": "",
                "offsetBytes": 0,
                "bitPositions": {
                  "begin": 0,
                  "width": 1
                },
                "sizeBytes": null
              },
              {
                "pretty": "field_layout::bitfields::S::b2",
                "sym": "F_<T_field_layout::bitfields::S>_b2",
                "type": "unsigned int",
                "typesym": "",
                "offsetBytes": 0,
                "bitPositions": {
                  "begin": 1,
                  "width": 3
                },
                "sizeBytes": null
              },
              {
                "pretty": "field_layout::bitfields::S::b3",
                "sym": "F_<T_field_layout::bitfields::S>_b3",
                "type": "unsigned int",
                "typesym": "",
                "offsetBytes": 0,
                "bitPositions": {
                  "begin": 4,
                  "width": 7
                },
                "sizeBytes": null
              },
              {
                "pretty": "field_layout::bitfields::S::b4",
                "sym": "F_<T_field_layout::bitfields::S>_b4",
                "type": "unsigned int",
                "typesym": "",
                "offsetBytes": 1,
                "bitPositions": {
                  "begin": 3,
                  "width": 4
                },
                "sizeBytes": null
              },
              {
                "pretty": "field_layout::bitfields::S::b5",
                "sym": "F_<T_field_layout::bitfields::S>_b5",
                "type": "unsigned char",
                "typesym": "",
                "offsetBytes": 2,
                "bitPositions": {
                  "begin": 0,
                  "width": 3
                },
                "sizeBytes": null
              },
              {
                "pretty": "field_layout::bitfields::S::b6",
                "sym": "F_<T_field_layout::bitfields::S>_b6",
                "type": "unsigned short",
                "typesym": "",
                "offsetBytes": 2,
                "bitPositions": {
                  "begin": 3,
                  "width": 2
                },
                "sizeBytes": null
              }
            ],
            "overrides": [],
            "props": [],
            "variants": []
          },
          "jumps": {
            "def": "field-layout/bitfields.cpp#7"
          }
        }
      },
      "columns": [
        {
          "label": [
            {
              "Heading": "Name"
            }
          ],
          "colspan": 1
        },
        {
          "label": [
            {
              "Heading": "Type"
            }
          ],
          "colspan": 1
        },
        {
          "label": [
            {
              "Heading": "All platforms"
            }
          ],
          "colspan": 2
        }
      ],
      "sub_columns": [
        {
          "label": [],
          "colspan": 1
        },
        {
          "label": [],
          "colspan": 1
        },
        {
          "label": [
            {
              "Text": "Offset"
            }
          ],
          "colspan": 1
        },
        {
          "label": [
            {
              "Text": "Size"
            }
          ],
          "colspan": 1
        }
      ],
      "rows": [
        {
          "label": [
            {
              "Heading": "field_layout::bitfields::S"
            }
          ],
          "sym": "T_field_layout::bitfields::S",
          "colVals": [],
          "children": [
            {
              "label": [
                {
                  "Text": "b1"
                }
              ],
              "sym": "F_<T_field_layout::bitfields::S>_b1",
              "colVals": [
                {
                  "header": false,
                  "contents": [
                    {
                      "Text": "unsigned int"
                    }
                  ],
                  "colspan": 1
                },
                {
                  "header": false,
                  "contents": [
                    {
                      "Text": "@ 0x0 + 0 bit"
                    }
                  ],
                  "colspan": 1
                },
                {
                  "header": false,
                  "contents": [
                    {
                      "Text": "1 bit"
                    }
                  ],
                  "colspan": 1
                }
              ],
              "children": [],
              "colspan": 1
            },
            {
              "label": [
                {
                  "Text": "b2"
                }
              ],
              "sym": "F_<T_field_layout::bitfields::S>_b2",
              "colVals": [
                {
                  "header": false,
                  "contents": [
                    {
                      "Text": "unsigned int"
                    }
                  ],
                  "colspan": 1
                },
                {
                  "header": false,
                  "contents": [
                    {
                      "Text": "@ 0x0 + 1 bit"
                    }
                  ],
                  "colspan": 1
                },
                {
                  "header": false,
                  "contents": [
                    {
                      "Text": "3 bits"
                    }
                  ],
                  "colspan": 1
                }
              ],
              "children": [],
              "colspan": 1
            },
            {
              "label": [
                {
                  "Text": "b3"
                }
              ],
              "sym": "F_<T_field_layout::bitfields::S>_b3",
              "colVals": [
                {
                  "header": false,
                  "contents": [
                    {
                      "Text": "unsigned int"
                    }
                  ],
                  "colspan": 1
                },
                {
                  "header": false,
                  "contents": [
                    {
                      "Text": "@ 0x0 + 4 bits"
                    }
                  ],
                  "colspan": 1
                },
                {
                  "header": false,
                  "contents": [
                    {
                      "Text": "7 bits"
                    }
                  ],
                  "colspan": 1
                }
              ],
              "children": [],
              "colspan": 1
            },
            {
              "label": [
                {
                  "Text": "b4"
                }
              ],
              "sym": "F_<T_field_layout::bitfields::S>_b4",
              "colVals": [
                {
                  "header": false,
                  "contents": [
                    {
                      "Text": "unsigned int"
                    }
                  ],
                  "colspan": 1
                },
                {
                  "header": false,
                  "contents": [
                    {
                      "Text": "@ 0x1 + 3 bits"
                    }
                  ],
                  "colspan": 1
                },
                {
                  "header": false,
                  "contents": [
                    {
                      "Text": "4 bits"
                    }
                  ],
                  "colspan": 1
                }
              ],
              "children": [],
              "colspan": 1
            },
            {
              "label": [
                {
                  "Text": "b5"
                }
              ],
              "sym": "F_<T_field_layout::bitfields::S>_b5",
              "colVals": [
                {
                  "header": false,
                  "contents": [
                    {
                      "Text": "unsigned char"
                    }
                  ],
                  "colspan": 1
                },
                {
                  "header": false,
                  "contents": [
                    {
                      "Text": "@ 0x2 + 0 bit"
                    }
                  ],
                  "colspan": 1
                },
                {
                  "header": false,
                  "contents": [
                    {
                      "Text": "3 bits"
                    }
                  ],
                  "colspan": 1
                }
              ],
              "children": [],
              "colspan": 1
            },
            {
              "label": [
                {
                  "Text": "b6"
                }
              ],
              "sym": "F_<T_field_layout::bitfields::S>_b6",
              "colVals": [
                {
                  "header": false,
                  "contents": [
                    {
                      "Text": "unsigned short"
                    }
                  ],
                  "colspan": 1
                },
                {
                  "header": false,
                  "contents": [
                    {
                      "Text": "@ 0x2 + 3 bits"
                    }
                  ],
                  "colspan": 1
                },
                {
                  "header": false,
                  "contents": [
                    {
                      "Text": "2 bits"
                    }
                  ],
                  "colspan": 1
                }
              ],
              "children": [],
              "colspan": 1
            },
            {
              "label": [],
              "sym": null,
              "colVals": [
                {
                  "header": false,
                  "contents": [],
                  "colspan": 1
                },
                {
                  "header": false,
                  "contents": [
                    {
                      "ItalicText": "1 byte padding"
                    }
                  ],
                  "colspan": 2
                }
              ],
              "children": [],
              "colspan": 1
            }
          ],
          "colspan": 4
        }
      ]
    }
  ]
}
