---
source: tests/test_check_insta.rs
expression: "&fb.contents"
---
<span data-symbols="FILE_python/contextual@2Dkeyword@2Epy">(file symbol)</span>
<span class="syn_def" data-symbols="S_py_python.contextual-keyword/print().">print</span>
<span class="syn_def" data-symbols="S_py_python.contextual-keyword/exec().">exec</span>
<span data-symbols="S_py_python.contextual-keyword/print().">print</span>
<span data-symbols="S_py_python.contextual-keyword/exec().">exec</span>
