---
source: tests/test_check_insta.rs
expression: "&fb.contents"
---
<span data-symbols="FILE_rust/weak_keyword@2Ers">(file symbol)</span>
<span class="syn_def" data-symbols="S_rs_weak_keyword/rust/f().">f</span>
<span data-symbols="S_rs_rust/weak_keyword.rs/#0">i32</span>
<span class="syn_def" data-symbols="S_rs_rust/weak_keyword.rs/#0">macro_rules</span>
<span class="syn_def" data-symbols="S_rs_rust/weak_keyword.rs/#1">union</span>
<span data-symbols="S_rs_rust/weak_keyword.rs/#0">macro_rules</span>
<span data-symbols="S_rs_rust/weak_keyword.rs/#1">union</span>
