---
source: tests/test_check_insta.rs
expression: "&json_results"
---
[
  {
    "loc": "7:33-73",
    "source": 1,
    "syntax": "file,use",
    "pretty": "file urlmap/chrome1.css",
    "sym": "FILE_urlmap/chrome1@2Ecss"
  },
  {
    "loc": "7:33-73",
    "target": 1,
    "kind": "use",
    "pretty": "urlmap/chrome1.css",
    "sym": "FILE_urlmap/chrome1@2Ecss",
    "context": ""
  },
  {
    "loc": "13:47-89",
    "source": 1,
    "syntax": "file,use",
    "pretty": "file urlmap/chrome1.mjs",
    "sym": "FILE_urlmap/chrome1@2Emjs"
  },
  {
    "loc": "13:47-89",
    "target": 1,
    "kind": "use",
    "pretty": "urlmap/chrome1.mjs",
    "sym": "FILE_urlmap/chrome1@2Emjs",
    "context": ""
  },
  {
    "loc": "14:49-80",
    "source": 1,
    "syntax": "file,use",
    "pretty": "file urlmap/resource1.mjs",
    "sym": "FILE_urlmap/resource1@2Emjs"
  },
  {
    "loc": "14:49-80",
    "target": 1,
    "kind": "use",
    "pretty": "urlmap/resource1.mjs",
    "sym": "FILE_urlmap/resource1@2Emjs",
    "context": ""
  },
  {
    "loc": "18:11-53",
    "source": 1,
    "syntax": "file,use",
    "pretty": "file urlmap/chrome2.mjs",
    "sym": "FILE_urlmap/chrome2@2Emjs"
  },
  {
    "loc": "18:11-53",
    "target": 1,
    "kind": "use",
    "pretty": "urlmap/chrome2.mjs",
    "sym": "FILE_urlmap/chrome2@2Emjs",
    "context": "chrome2"
  },
  {
    "loc": "19:13-44",
    "source": 1,
    "syntax": "file,use",
    "pretty": "file urlmap/resource2.mjs",
    "sym": "FILE_urlmap/resource2@2Emjs"
  },
  {
    "loc": "19:13-44",
    "target": 1,
    "kind": "use",
    "pretty": "urlmap/resource2.mjs",
    "sym": "FILE_urlmap/resource2@2Emjs",
    "context": "resource2"
  },
  {
    "loc": "22:12-55",
    "source": 1,
    "syntax": "file,use",
    "pretty": "file urlmap/chrome1.html",
    "sym": "FILE_urlmap/chrome1@2Ehtml"
  },
  {
    "loc": "22:12-55",
    "target": 1,
    "kind": "use",
    "pretty": "urlmap/chrome1.html",
    "sym": "FILE_urlmap/chrome1@2Ehtml",
    "context": ""
  },
  {
    "loc": "23:12-44",
    "source": 1,
    "syntax": "file,use",
    "pretty": "file urlmap/resource1.html",
    "sym": "FILE_urlmap/resource1@2Ehtml"
  },
  {
    "loc": "23:12-44",
    "target": 1,
    "kind": "use",
    "pretty": "urlmap/resource1.html",
    "sym": "FILE_urlmap/resource1@2Ehtml",
    "context": ""
  },
  {
    "loc": "28:24-66",
    "source": 1,
    "syntax": "file,use",
    "pretty": "file urlmap/chrome3.mjs",
    "sym": "FILE_urlmap/chrome3@2Emjs"
  },
  {
    "loc": "28:24-66",
    "target": 1,
    "kind": "use",
    "pretty": "urlmap/chrome3.mjs",
    "sym": "FILE_urlmap/chrome3@2Emjs",
    "context": ""
  },
  {
    "loc": "29:26-57",
    "source": 1,
    "syntax": "file,use",
    "pretty": "file urlmap/resource3.mjs",
    "sym": "FILE_urlmap/resource3@2Emjs"
  },
  {
    "loc": "29:26-57",
    "target": 1,
    "kind": "use",
    "pretty": "urlmap/resource3.mjs",
    "sym": "FILE_urlmap/resource3@2Emjs",
    "context": ""
  },
  {
    "loc": "31:47-89",
    "source": 1,
    "syntax": "file,use",
    "pretty": "file urlmap/chrome1.mjs",
    "sym": "FILE_urlmap/chrome1@2Emjs"
  },
  {
    "loc": "31:47-89",
    "target": 1,
    "kind": "use",
    "pretty": "urlmap/chrome1.mjs",
    "sym": "FILE_urlmap/chrome1@2Emjs",
    "context": ""
  },
  {
    "loc": "32:49-80",
    "source": 1,
    "syntax": "file,use",
    "pretty": "file urlmap/resource1.mjs",
    "sym": "FILE_urlmap/resource1@2Emjs"
  },
  {
    "loc": "32:49-80",
    "target": 1,
    "kind": "use",
    "pretty": "urlmap/resource1.mjs",
    "sym": "FILE_urlmap/resource1@2Emjs",
    "context": ""
  },
  {
    "loc": "36:11-53",
    "source": 1,
    "syntax": "file,use",
    "pretty": "file urlmap/chrome2.mjs",
    "sym": "FILE_urlmap/chrome2@2Emjs"
  },
  {
    "loc": "36:11-53",
    "target": 1,
    "kind": "use",
    "pretty": "urlmap/chrome2.mjs",
    "sym": "FILE_urlmap/chrome2@2Emjs",
    "context": "chrome2"
  },
  {
    "loc": "37:13-44",
    "source": 1,
    "syntax": "file,use",
    "pretty": "file urlmap/resource2.mjs",
    "sym": "FILE_urlmap/resource2@2Emjs"
  },
  {
    "loc": "37:13-44",
    "target": 1,
    "kind": "use",
    "pretty": "urlmap/resource2.mjs",
    "sym": "FILE_urlmap/resource2@2Emjs",
    "context": "resource2"
  },
  {
    "loc": "40:12-55",
    "source": 1,
    "syntax": "file,use",
    "pretty": "file urlmap/chrome1.html",
    "sym": "FILE_urlmap/chrome1@2Ehtml"
  },
  {
    "loc": "40:12-55",
    "target": 1,
    "kind": "use",
    "pretty": "urlmap/chrome1.html",
    "sym": "FILE_urlmap/chrome1@2Ehtml",
    "context": ""
  },
  {
    "loc": "41:12-44",
    "source": 1,
    "syntax": "file,use",
    "pretty": "file urlmap/resource1.html",
    "sym": "FILE_urlmap/resource1@2Ehtml"
  },
  {
    "loc": "41:12-44",
    "target": 1,
    "kind": "use",
    "pretty": "urlmap/resource1.html",
    "sym": "FILE_urlmap/resource1@2Ehtml",
    "context": ""
  },
  {
    "loc": "46:14-54",
    "source": 1,
    "syntax": "file,use",
    "pretty": "file urlmap/chrome1.png",
    "sym": "FILE_urlmap/chrome1@2Epng"
  },
  {
    "loc": "46:14-54",
    "target": 1,
    "kind": "use",
    "pretty": "urlmap/chrome1.png",
    "sym": "FILE_urlmap/chrome1@2Epng",
    "context": ""
  },
  {
    "loc": "47:14-43",
    "source": 1,
    "syntax": "file,use",
    "pretty": "file urlmap/resource1.png",
    "sym": "FILE_urlmap/resource1@2Epng"
  },
  {
    "loc": "47:14-43",
    "target": 1,
    "kind": "use",
    "pretty": "urlmap/resource1.png",
    "sym": "FILE_urlmap/resource1@2Epng",
    "context": ""
  }
]
