---
source: tests/test_check_insta.rs
expression: "&to_value(sttl).unwrap()"
---
{
  "tables": [
    {
      "jumprefs": {
        "F_<T_field_layout::platform_specific_size::S>_f1": {
          "sym": "F_<T_field_layout::platform_specific_size::S>_f1",
          "pretty": "field_layout::platform_specific_size::S::f1",
          "meta": {
            "structured": 1,
            "pretty": "field_layout::platform_specific_size::S::f1",
            "sym": "F_<T_field_layout::platform_specific_size::S>_f1",
            "type_pretty": null,
            "kind": "field",
            "subsystem": null,
            "parentsym": "T_field_layout::platform_specific_size::S",
            "implKind": "",
            "sizeBytes": null,
            "bindingSlots": [],
            "ontologySlots": [],
            "supers": [],
            "methods": [],
            "fields": [],
            "overrides": [],
            "props": []
          },
          "jumps": {
            "def": "field-layout/platform_specific_size.cpp#20"
          }
        },
        "T_field_layout::platform_specific_size::S": {
          "sym": "T_field_layout::platform_specific_size::S",
          "pretty": "field_layout::platform_specific_size::S",
          "meta": {
            "structured": 1,
            "pretty": "field_layout::platform_specific_size::S",
            "sym": "T_field_layout::platform_specific_size::S",
            "type_pretty": null,
            "kind": "struct",
            "subsystem": null,
            "implKind": "",
            "sizeBytes": 8,
            "bindingSlots": [],
            "ontologySlots": [],
            "supers": [],
            "methods": [
              {
                "pretty": "field_layout::platform_specific_size::S::S",
                "sym": "_ZN12field_layout22platform_specific_size1SC1Ev",
                "props": [
                  "instance",
                  "defaulted"
                ],
                "args": []
              },
              {
                "pretty": "field_layout::platform_specific_size::S::S",
                "sym": "_ZN12field_layout22platform_specific_size1SC1ERKS1_",
                "props": [
                  "instance",
                  "defaulted",
                  "constexpr"
                ],
                "args": []
              },
              {
                "pretty": "field_layout::platform_specific_size::S::S",
                "sym": "_ZN12field_layout22platform_specific_size1SC1EOS1_",
                "props": [
                  "instance",
                  "defaulted",
                  "constexpr"
                ],
                "args": []
              }
            ],
            "fields": [
              {
                "pretty": "field_layout::platform_specific_size::S::f1",
                "sym": "F_<T_field_layout::platform_specific_size::S>_f1",
                "type": "unsigned long",
                "typesym": "",
                "offsetBytes": 0,
                "bitPositions": null,
                "sizeBytes": 8
              }
            ],
            "overrides": [],
            "props": [],
            "variants": [
              {
                "structured": 1,
                "pretty": "field_layout::platform_specific_size::S",
                "sym": "T_field_layout::platform_specific_size::S",
                "type_pretty": null,
                "kind": "struct",
                "subsystem": null,
                "implKind": "",
                "sizeBytes": 4,
                "bindingSlots": [],
                "ontologySlots": [],
                "supers": [],
                "methods": [
                  {
                    "pretty": "field_layout::platform_specific_size::S::S",
                    "sym": "_ZN12field_layout22platform_specific_size1SC1Ev",
                    "props": [
                      "instance",
                      "defaulted"
                    ],
                    "args": []
                  },
                  {
                    "pretty": "field_layout::platform_specific_size::S::S",
                    "sym": "_ZN12field_layout22platform_specific_size1SC1ERKS1_",
                    "props": [
                      "instance",
                      "defaulted",
                      "constexpr"
                    ],
                    "args": []
                  },
                  {
                    "pretty": "field_layout::platform_specific_size::S::S",
                    "sym": "_ZN12field_layout22platform_specific_size1SC1EOS1_",
                    "props": [
                      "instance",
                      "defaulted",
                      "constexpr"
                    ],
                    "args": []
                  }
                ],
                "fields": [
                  {
                    "pretty": "field_layout::platform_specific_size::S::f1",
                    "sym": "F_<T_field_layout::platform_specific_size::S>_f1",
                    "type": "unsigned int",
                    "typesym": "",
                    "offsetBytes": 0,
                    "bitPositions": null,
                    "sizeBytes": 4
                  }
                ],
                "overrides": [],
                "props": [],
                "platforms": [
                  "linux64",
                  "macosx64"
                ]
              }
            ],
            "platforms": [
              "win64"
            ]
          },
          "jumps": {
            "def": "field-layout/platform_specific_size.cpp#19"
          }
        }
      },
      "columns": [
        {
          "label": [
            {
              "Heading": "Name"
            }
          ],
          "colspan": 1
        },
        {
          "label": [
            {
              "Heading": "Type"
            }
          ],
          "colspan": 1
        },
        {
          "label": [
            {
              "Heading": "win64"
            }
          ],
          "colspan": 2
        },
        {
          "label": [
            {
              "Heading": "macosx64 linux64"
            }
          ],
          "colspan": 2
        }
      ],
      "sub_columns": [
        {
          "label": [],
          "colspan": 1
        },
        {
          "label": [],
          "colspan": 1
        },
        {
          "label": [
            {
              "Text": "Offset"
            }
          ],
          "colspan": 1
        },
        {
          "label": [
            {
              "Text": "Size"
            }
          ],
          "colspan": 1
        },
        {
          "label": [
            {
              "Text": "Offset"
            }
          ],
          "colspan": 1
        },
        {
          "label": [
            {
              "Text": "Size"
            }
          ],
          "colspan": 1
        }
      ],
      "rows": [
        {
          "label": [
            {
              "Heading": "field_layout::platform_specific_size::S"
            }
          ],
          "sym": "T_field_layout::platform_specific_size::S",
          "colVals": [],
          "children": [
            {
              "label": [
                {
                  "Text": "f1"
                }
              ],
              "sym": "F_<T_field_layout::platform_specific_size::S>_f1",
              "colVals": [
                {
                  "header": false,
                  "contents": [
                    {
                      "Text": "unsigned long | unsigned int"
                    }
                  ],
                  "colspan": 1
                },
                {
                  "header": false,
                  "contents": [
                    {
                      "Text": "0"
                    }
                  ],
                  "colspan": 1
                },
                {
                  "header": false,
                  "contents": [
                    {
                      "Text": "8"
                    }
                  ],
                  "colspan": 1
                },
                {
                  "header": false,
                  "contents": [
                    {
                      "Text": "0"
                    }
                  ],
                  "colspan": 1
                },
                {
                  "header": false,
                  "contents": [
                    {
                      "Text": "4"
                    }
                  ],
                  "colspan": 1
                }
              ],
              "children": [],
              "colspan": 1
            }
          ],
          "colspan": 6
        }
      ]
    }
  ]
}
