---
source: tests/test_check_insta.rs
expression: "&json_results"
---
[
  {
    "loc": "00001:0",
    "target": 1,
    "kind": "def",
    "pretty": "file urlmap/root.mjs",
    "sym": "FILE_urlmap/root@2Emjs"
  }
]
